Archive member included to satisfy reference by file (symbol)

c:/users/hikaru/mentorgraphics/sourcery_codebench_lite_for_arm_eabi/bin/../lib/gcc/arm-none-eabi/4.8.3/../../../../arm-none-eabi/lib/thumb2\libc.a(lib_a-memset.o)
                              ..\obj\main.o (memset)

Allocating common symbols
Common symbol       size              file

can_tx_test         0x14              ..\obj\main.o
can_rx_flame        0x14              ..\obj\main.o
ADCConvertedValue   0xc               ..\obj\adc.o
UART4_RxBuffer      0xc8              ..\obj\usart.o
UART4_TxBuffer      0xc8              ..\obj\usart.o
can_tx_flame        0x50              ..\obj\main.o

Discarded input sections

 .text          0x00000000        0x0 ..\obj\stm32f10x_tim.o
 .data          0x00000000        0x0 ..\obj\stm32f10x_tim.o
 .bss           0x00000000        0x0 ..\obj\stm32f10x_tim.o
 .text.TIM_OC1Init
                0x00000000      0x120 ..\obj\stm32f10x_tim.o
 .text.TIM_OC2Init
                0x00000000      0x114 ..\obj\stm32f10x_tim.o
 .text.TIM_OC3Init
                0x00000000      0x110 ..\obj\stm32f10x_tim.o
 .text.TIM_OC4Init
                0x00000000       0xd4 ..\obj\stm32f10x_tim.o
 .text.TIM_ICInit
                0x00000000       0xa8 ..\obj\stm32f10x_tim.o
 .text.TIM_PWMIConfig
                0x00000000       0xb8 ..\obj\stm32f10x_tim.o
 .text.TIM_BDTRConfig
                0x00000000       0x50 ..\obj\stm32f10x_tim.o
 .text.TIM_TimeBaseStructInit
                0x00000000       0x34 ..\obj\stm32f10x_tim.o
 .text.TIM_OCStructInit
                0x00000000       0x44 ..\obj\stm32f10x_tim.o
 .text.TIM_ICStructInit
                0x00000000       0x30 ..\obj\stm32f10x_tim.o
 .text.TIM_BDTRStructInit
                0x00000000       0x3c ..\obj\stm32f10x_tim.o
 .text.TIM_CtrlPWMOutputs
                0x00000000       0x4c ..\obj\stm32f10x_tim.o
 .text.TIM_GenerateEvent
                0x00000000       0x1c ..\obj\stm32f10x_tim.o
 .text.TIM_DMAConfig
                0x00000000       0x28 ..\obj\stm32f10x_tim.o
 .text.TIM_DMACmd
                0x00000000       0x48 ..\obj\stm32f10x_tim.o
 .text.TIM_InternalClockConfig
                0x00000000       0x24 ..\obj\stm32f10x_tim.o
 .text.TIM_ITRxExternalClockConfig
                0x00000000       0x2c ..\obj\stm32f10x_tim.o
 .text.TIM_TIxExternalClockConfig
                0x00000000       0x54 ..\obj\stm32f10x_tim.o
 .text.TIM_ETRClockMode1Config
                0x00000000       0x50 ..\obj\stm32f10x_tim.o
 .text.TIM_ETRClockMode2Config
                0x00000000       0x30 ..\obj\stm32f10x_tim.o
 .text.TIM_ETRConfig
                0x00000000       0x48 ..\obj\stm32f10x_tim.o
 .text.TIM_CounterModeConfig
                0x00000000       0x38 ..\obj\stm32f10x_tim.o
 .text.TIM_SelectInputTrigger
                0x00000000       0x38 ..\obj\stm32f10x_tim.o
 .text.TIM_ForcedOC1Config
                0x00000000       0x38 ..\obj\stm32f10x_tim.o
 .text.TIM_ForcedOC2Config
                0x00000000       0x3c ..\obj\stm32f10x_tim.o
 .text.TIM_ForcedOC3Config
                0x00000000       0x38 ..\obj\stm32f10x_tim.o
 .text.TIM_ForcedOC4Config
                0x00000000       0x3c ..\obj\stm32f10x_tim.o
 .text.TIM_ARRPreloadConfig
                0x00000000       0x40 ..\obj\stm32f10x_tim.o
 .text.TIM_SelectCOM
                0x00000000       0x40 ..\obj\stm32f10x_tim.o
 .text.TIM_SelectCCDMA
                0x00000000       0x40 ..\obj\stm32f10x_tim.o
 .text.TIM_CCPreloadControl
                0x00000000       0x40 ..\obj\stm32f10x_tim.o
 .text.TIM_OC1PreloadConfig
                0x00000000       0x38 ..\obj\stm32f10x_tim.o
 .text.TIM_OC2PreloadConfig
                0x00000000       0x3c ..\obj\stm32f10x_tim.o
 .text.TIM_OC3PreloadConfig
                0x00000000       0x38 ..\obj\stm32f10x_tim.o
 .text.TIM_OC4PreloadConfig
                0x00000000       0x3c ..\obj\stm32f10x_tim.o
 .text.TIM_OC1FastConfig
                0x00000000       0x38 ..\obj\stm32f10x_tim.o
 .text.TIM_OC2FastConfig
                0x00000000       0x3c ..\obj\stm32f10x_tim.o
 .text.TIM_OC3FastConfig
                0x00000000       0x38 ..\obj\stm32f10x_tim.o
 .text.TIM_OC4FastConfig
                0x00000000       0x3c ..\obj\stm32f10x_tim.o
 .text.TIM_ClearOC1Ref
                0x00000000       0x38 ..\obj\stm32f10x_tim.o
 .text.TIM_ClearOC2Ref
                0x00000000       0x3c ..\obj\stm32f10x_tim.o
 .text.TIM_ClearOC3Ref
                0x00000000       0x38 ..\obj\stm32f10x_tim.o
 .text.TIM_ClearOC4Ref
                0x00000000       0x3c ..\obj\stm32f10x_tim.o
 .text.TIM_OC1PolarityConfig
                0x00000000       0x38 ..\obj\stm32f10x_tim.o
 .text.TIM_OC1NPolarityConfig
                0x00000000       0x38 ..\obj\stm32f10x_tim.o
 .text.TIM_OC2PolarityConfig
                0x00000000       0x3c ..\obj\stm32f10x_tim.o
 .text.TIM_OC2NPolarityConfig
                0x00000000       0x3c ..\obj\stm32f10x_tim.o
 .text.TIM_OC3PolarityConfig
                0x00000000       0x3c ..\obj\stm32f10x_tim.o
 .text.TIM_OC3NPolarityConfig
                0x00000000       0x3c ..\obj\stm32f10x_tim.o
 .text.TIM_OC4PolarityConfig
                0x00000000       0x3c ..\obj\stm32f10x_tim.o
 .text.TIM_CCxCmd
                0x00000000       0x54 ..\obj\stm32f10x_tim.o
 .text.TIM_CCxNCmd
                0x00000000       0x54 ..\obj\stm32f10x_tim.o
 .text.TIM_SelectOCxM
                0x00000000       0xa8 ..\obj\stm32f10x_tim.o
 .text.TIM_UpdateDisableConfig
                0x00000000       0x40 ..\obj\stm32f10x_tim.o
 .text.TIM_UpdateRequestConfig
                0x00000000       0x40 ..\obj\stm32f10x_tim.o
 .text.TIM_SelectHallSensor
                0x00000000       0x40 ..\obj\stm32f10x_tim.o
 .text.TIM_SelectOnePulseMode
                0x00000000       0x38 ..\obj\stm32f10x_tim.o
 .text.TIM_SelectOutputTrigger
                0x00000000       0x38 ..\obj\stm32f10x_tim.o
 .text.TIM_SelectSlaveMode
                0x00000000       0x38 ..\obj\stm32f10x_tim.o
 .text.TIM_SelectMasterSlaveMode
                0x00000000       0x38 ..\obj\stm32f10x_tim.o
 .text.TIM_SetCounter
                0x00000000       0x1c ..\obj\stm32f10x_tim.o
 .text.TIM_SetAutoreload
                0x00000000       0x1c ..\obj\stm32f10x_tim.o
 .text.TIM_SetCompare1
                0x00000000       0x1c ..\obj\stm32f10x_tim.o
 .text.TIM_SetCompare2
                0x00000000       0x1c ..\obj\stm32f10x_tim.o
 .text.TIM_SetCompare3
                0x00000000       0x1c ..\obj\stm32f10x_tim.o
 .text.TIM_SetCompare4
                0x00000000       0x20 ..\obj\stm32f10x_tim.o
 .text.TIM_SetIC1Prescaler
                0x00000000       0x38 ..\obj\stm32f10x_tim.o
 .text.TIM_SetIC2Prescaler
                0x00000000       0x3c ..\obj\stm32f10x_tim.o
 .text.TIM_SetIC3Prescaler
                0x00000000       0x38 ..\obj\stm32f10x_tim.o
 .text.TIM_SetIC4Prescaler
                0x00000000       0x3c ..\obj\stm32f10x_tim.o
 .text.TIM_SetClockDivision
                0x00000000       0x38 ..\obj\stm32f10x_tim.o
 .text.TIM_GetCapture1
                0x00000000       0x1c ..\obj\stm32f10x_tim.o
 .text.TIM_GetCapture2
                0x00000000       0x1c ..\obj\stm32f10x_tim.o
 .text.TIM_GetCapture3
                0x00000000       0x1c ..\obj\stm32f10x_tim.o
 .text.TIM_GetCapture4
                0x00000000       0x1c ..\obj\stm32f10x_tim.o
 .text.TIM_GetPrescaler
                0x00000000       0x1c ..\obj\stm32f10x_tim.o
 .text.TIM_GetFlagStatus
                0x00000000       0x38 ..\obj\stm32f10x_tim.o
 .text.TI1_Config
                0x00000000       0xe0 ..\obj\stm32f10x_tim.o
 .text.TI2_Config
                0x00000000       0xf4 ..\obj\stm32f10x_tim.o
 .text.TI3_Config
                0x00000000       0xe8 ..\obj\stm32f10x_tim.o
 .text.TI4_Config
                0x00000000       0xf8 ..\obj\stm32f10x_tim.o
 .text          0x00000000        0x0 ..\obj\system_stm32f10x.o
 .bss           0x00000000        0x0 ..\obj\system_stm32f10x.o
 .text.SystemCoreClockUpdate
                0x00000000      0x1b4 ..\obj\system_stm32f10x.o
 .text          0x00000000        0x0 ..\obj\tim_encoder.o
 .data          0x00000000        0x0 ..\obj\tim_encoder.o
 .bss           0x00000000        0x0 ..\obj\tim_encoder.o
 .text          0x00000000        0x0 ..\obj\stm32f10x_can.o
 .data          0x00000000        0x0 ..\obj\stm32f10x_can.o
 .bss           0x00000000        0x0 ..\obj\stm32f10x_can.o
 .text.CAN_StructInit
                0x00000000       0x54 ..\obj\stm32f10x_can.o
 .text.CAN_SlaveStartBank
                0x00000000       0x8c ..\obj\stm32f10x_can.o
 .text.CAN_DBGFreeze
                0x00000000       0x38 ..\obj\stm32f10x_can.o
 .text.CAN_TTComModeCmd
                0x00000000       0x98 ..\obj\stm32f10x_can.o
 .text.CAN_TransmitStatus
                0x00000000       0xec ..\obj\stm32f10x_can.o
 .text.CAN_CancelTransmit
                0x00000000       0x50 ..\obj\stm32f10x_can.o
 .text.CAN_FIFORelease
                0x00000000       0x38 ..\obj\stm32f10x_can.o
 .text.CAN_MessagePending
                0x00000000       0x4c ..\obj\stm32f10x_can.o
 .text.CAN_OperatingModeRequest
                0x00000000       0xfc ..\obj\stm32f10x_can.o
 .text.CAN_Sleep
                0x00000000       0x3c ..\obj\stm32f10x_can.o
 .text.CAN_WakeUp
                0x00000000       0x58 ..\obj\stm32f10x_can.o
 .text.CAN_GetLastErrorCode
                0x00000000       0x28 ..\obj\stm32f10x_can.o
 .text.CAN_GetReceiveErrorCounter
                0x00000000       0x24 ..\obj\stm32f10x_can.o
 .text.CAN_GetLSBTransmitErrorCounter
                0x00000000       0x28 ..\obj\stm32f10x_can.o
 .text.CAN_GetFlagStatus
                0x00000000       0xd0 ..\obj\stm32f10x_can.o
 .text.CAN_ClearFlag
                0x00000000       0x70 ..\obj\stm32f10x_can.o
 .text          0x00000000        0x0 ..\obj\stm32f10x_gpio.o
 .data          0x00000000        0x0 ..\obj\stm32f10x_gpio.o
 .bss           0x00000000        0x0 ..\obj\stm32f10x_gpio.o
 .text.GPIO_AFIODeInit
                0x00000000       0x18 ..\obj\stm32f10x_gpio.o
 .text.GPIO_StructInit
                0x00000000       0x28 ..\obj\stm32f10x_gpio.o
 .text.GPIO_ReadInputDataBit
                0x00000000       0x34 ..\obj\stm32f10x_gpio.o
 .text.GPIO_ReadInputData
                0x00000000       0x1c ..\obj\stm32f10x_gpio.o
 .text.GPIO_ReadOutputDataBit
                0x00000000       0x34 ..\obj\stm32f10x_gpio.o
 .text.GPIO_ReadOutputData
                0x00000000       0x1c ..\obj\stm32f10x_gpio.o
 .text.GPIO_SetBits
                0x00000000       0x1c ..\obj\stm32f10x_gpio.o
 .text.GPIO_ResetBits
                0x00000000       0x1c ..\obj\stm32f10x_gpio.o
 .text.GPIO_Write
                0x00000000       0x1c ..\obj\stm32f10x_gpio.o
 .text.GPIO_PinLockConfig
                0x00000000       0x44 ..\obj\stm32f10x_gpio.o
 .text.GPIO_EventOutputConfig
                0x00000000       0x4c ..\obj\stm32f10x_gpio.o
 .text.GPIO_EventOutputCmd
                0x00000000       0x20 ..\obj\stm32f10x_gpio.o
 .text.GPIO_EXTILineConfig
                0x00000000       0x8c ..\obj\stm32f10x_gpio.o
 .text.GPIO_ETH_MediaInterfaceConfig
                0x00000000       0x1c ..\obj\stm32f10x_gpio.o
 .text          0x00000000        0x0 ..\obj\main.o
 .data          0x00000000        0x0 ..\obj\main.o
 .text.XXX_Configuration
                0x00000000        0xc ..\obj\main.o
 .text          0x00000000        0x0 ..\obj\printf.o
 .data          0x00000000       0xf4 ..\obj\printf.o
 .bss           0x00000000        0x0 ..\obj\printf.o
 .text.PrintChar
                0x00000000       0x14 ..\obj\printf.o
 .text.PutChar  0x00000000       0x20 ..\obj\printf.o
 .text.PutString
                0x00000000       0x3c ..\obj\printf.o
 .text.PutUnsignedInt
                0x00000000       0xa8 ..\obj\printf.o
 .text.PutSignedInt
                0x00000000      0x10c ..\obj\printf.o
 .text.PutHexa  0x00000000       0xd4 ..\obj\printf.o
 .text.vsnprintf
                0x00000000      0x254 ..\obj\printf.o
 .text.snprintf
                0x00000000       0x30 ..\obj\printf.o
 .text.vsprintf
                0x00000000       0x24 ..\obj\printf.o
 .rodata        0x00000000       0x24 ..\obj\printf.o
 .text.vfprintf
                0x00000000       0x6c ..\obj\printf.o
 .text.vprintf  0x00000000       0x2c ..\obj\printf.o
 .text.fprintf  0x00000000       0x2c ..\obj\printf.o
 .text.printf   0x00000000       0x28 ..\obj\printf.o
 .text.sprintf  0x00000000       0x2c ..\obj\printf.o
 .text.puts     0x00000000       0x28 ..\obj\printf.o
 .text.fputc    0x00000000       0x48 ..\obj\printf.o
 .text.fputs    0x00000000       0x48 ..\obj\printf.o
 .debug_info    0x00000000      0xdae ..\obj\printf.o
 .debug_abbrev  0x00000000      0x248 ..\obj\printf.o
 .debug_aranges
                0x00000000       0xa0 ..\obj\printf.o
 .debug_ranges  0x00000000       0x90 ..\obj\printf.o
 .debug_line    0x00000000      0x3b8 ..\obj\printf.o
 .debug_str     0x00000000      0x632 ..\obj\printf.o
 .comment       0x00000000       0x47 ..\obj\printf.o
 .ARM.attributes
                0x00000000       0x33 ..\obj\printf.o
 .debug_frame   0x00000000      0x244 ..\obj\printf.o
 .text          0x00000000        0x0 ..\obj\can.o
 .bss           0x00000000        0x0 ..\obj\can.o
 .text          0x00000000        0x0 ..\obj\stm32f10x_rcc.o
 .data          0x00000000       0x14 ..\obj\stm32f10x_rcc.o
 .bss           0x00000000        0x0 ..\obj\stm32f10x_rcc.o
 .text.RCC_DeInit
                0x00000000       0xc0 ..\obj\stm32f10x_rcc.o
 .text.RCC_HSEConfig
                0x00000000       0x88 ..\obj\stm32f10x_rcc.o
 .text.RCC_WaitForHSEStartUp
                0x00000000       0x50 ..\obj\stm32f10x_rcc.o
 .text.RCC_AdjustHSICalibrationValue
                0x00000000       0x44 ..\obj\stm32f10x_rcc.o
 .text.RCC_HSICmd
                0x00000000       0x20 ..\obj\stm32f10x_rcc.o
 .text.RCC_PLLConfig
                0x00000000       0x44 ..\obj\stm32f10x_rcc.o
 .text.RCC_PLLCmd
                0x00000000       0x20 ..\obj\stm32f10x_rcc.o
 .text.RCC_PREDIV1Config
                0x00000000       0x48 ..\obj\stm32f10x_rcc.o
 .text.RCC_PREDIV2Config
                0x00000000       0x40 ..\obj\stm32f10x_rcc.o
 .text.RCC_PLL2Config
                0x00000000       0x40 ..\obj\stm32f10x_rcc.o
 .text.RCC_PLL2Cmd
                0x00000000       0x20 ..\obj\stm32f10x_rcc.o
 .text.RCC_PLL3Config
                0x00000000       0x40 ..\obj\stm32f10x_rcc.o
 .text.RCC_PLL3Cmd
                0x00000000       0x20 ..\obj\stm32f10x_rcc.o
 .text.RCC_SYSCLKConfig
                0x00000000       0x40 ..\obj\stm32f10x_rcc.o
 .text.RCC_GetSYSCLKSource
                0x00000000       0x20 ..\obj\stm32f10x_rcc.o
 .text.RCC_HCLKConfig
                0x00000000       0x40 ..\obj\stm32f10x_rcc.o
 .text.RCC_PCLK1Config
                0x00000000       0x40 ..\obj\stm32f10x_rcc.o
 .text.RCC_PCLK2Config
                0x00000000       0x40 ..\obj\stm32f10x_rcc.o
 .text.RCC_ITConfig
                0x00000000       0x5c ..\obj\stm32f10x_rcc.o
 .text.RCC_OTGFSCLKConfig
                0x00000000       0x1c ..\obj\stm32f10x_rcc.o
 .text.RCC_ADCCLKConfig
                0x00000000       0x40 ..\obj\stm32f10x_rcc.o
 .text.RCC_I2S2CLKConfig
                0x00000000       0x20 ..\obj\stm32f10x_rcc.o
 .text.RCC_I2S3CLKConfig
                0x00000000       0x20 ..\obj\stm32f10x_rcc.o
 .text.RCC_LSEConfig
                0x00000000       0x54 ..\obj\stm32f10x_rcc.o
 .text.RCC_LSICmd
                0x00000000       0x20 ..\obj\stm32f10x_rcc.o
 .text.RCC_RTCCLKConfig
                0x00000000       0x2c ..\obj\stm32f10x_rcc.o
 .text.RCC_RTCCLKCmd
                0x00000000       0x20 ..\obj\stm32f10x_rcc.o
 .text.RCC_GetClocksFreq
                0x00000000      0x230 ..\obj\stm32f10x_rcc.o
 .text.RCC_AHBPeriphClockCmd
                0x00000000       0x50 ..\obj\stm32f10x_rcc.o
 .text.RCC_AHBPeriphResetCmd
                0x00000000       0x50 ..\obj\stm32f10x_rcc.o
 .text.RCC_BackupResetCmd
                0x00000000       0x20 ..\obj\stm32f10x_rcc.o
 .text.RCC_ClockSecuritySystemCmd
                0x00000000       0x20 ..\obj\stm32f10x_rcc.o
 .text.RCC_MCOConfig
                0x00000000       0x20 ..\obj\stm32f10x_rcc.o
 .text.RCC_GetFlagStatus
                0x00000000       0x84 ..\obj\stm32f10x_rcc.o
 .text.RCC_ClearFlag
                0x00000000       0x24 ..\obj\stm32f10x_rcc.o
 .text.RCC_GetITStatus
                0x00000000       0x38 ..\obj\stm32f10x_rcc.o
 .text.RCC_ClearITPendingBit
                0x00000000       0x20 ..\obj\stm32f10x_rcc.o
 .text          0x00000000        0x0 ..\obj\startup_stm32f10x_cl.o
 .data          0x00000000        0x0 ..\obj\startup_stm32f10x_cl.o
 .bss           0x00000000        0x0 ..\obj\startup_stm32f10x_cl.o
 .text          0x00000000        0x0 ..\obj\stm32f10x_adc.o
 .data          0x00000000        0x0 ..\obj\stm32f10x_adc.o
 .bss           0x00000000        0x0 ..\obj\stm32f10x_adc.o
 .text.ADC_DeInit
                0x00000000       0x78 ..\obj\stm32f10x_adc.o
 .text.ADC_Init
                0x00000000       0xa4 ..\obj\stm32f10x_adc.o
 .text.ADC_StructInit
                0x00000000       0x38 ..\obj\stm32f10x_adc.o
 .text.ADC_Cmd  0x00000000       0x38 ..\obj\stm32f10x_adc.o
 .text.ADC_DMACmd
                0x00000000       0x38 ..\obj\stm32f10x_adc.o
 .text.ADC_ITConfig
                0x00000000       0x44 ..\obj\stm32f10x_adc.o
 .text.ADC_ResetCalibration
                0x00000000       0x20 ..\obj\stm32f10x_adc.o
 .text.ADC_GetResetCalibrationStatus
                0x00000000       0x30 ..\obj\stm32f10x_adc.o
 .text.ADC_StartCalibration
                0x00000000       0x20 ..\obj\stm32f10x_adc.o
 .text.ADC_GetCalibrationStatus
                0x00000000       0x30 ..\obj\stm32f10x_adc.o
 .text.ADC_SoftwareStartConvCmd
                0x00000000       0x38 ..\obj\stm32f10x_adc.o
 .text.ADC_GetSoftwareStartConvStatus
                0x00000000       0x30 ..\obj\stm32f10x_adc.o
 .text.ADC_DiscModeChannelCountConfig
                0x00000000       0x44 ..\obj\stm32f10x_adc.o
 .text.ADC_DiscModeCmd
                0x00000000       0x38 ..\obj\stm32f10x_adc.o
 .text.ADC_RegularChannelConfig
                0x00000000      0x188 ..\obj\stm32f10x_adc.o
 .text.ADC_ExternalTrigConvCmd
                0x00000000       0x38 ..\obj\stm32f10x_adc.o
 .text.ADC_GetConversionValue
                0x00000000       0x1c ..\obj\stm32f10x_adc.o
 .text.ADC_GetDualModeConversionValue
                0x00000000       0x18 ..\obj\stm32f10x_adc.o
 .text.ADC_AutoInjectedConvCmd
                0x00000000       0x38 ..\obj\stm32f10x_adc.o
 .text.ADC_InjectedDiscModeCmd
                0x00000000       0x38 ..\obj\stm32f10x_adc.o
 .text.ADC_ExternalTrigInjectedConvConfig
                0x00000000       0x34 ..\obj\stm32f10x_adc.o
 .text.ADC_ExternalTrigInjectedConvCmd
                0x00000000       0x38 ..\obj\stm32f10x_adc.o
 .text.ADC_SoftwareStartInjectedConvCmd
                0x00000000       0x38 ..\obj\stm32f10x_adc.o
 .text.ADC_GetSoftwareStartInjectedConvCmdStatus
                0x00000000       0x30 ..\obj\stm32f10x_adc.o
 .text.ADC_InjectedChannelConfig
                0x00000000      0x114 ..\obj\stm32f10x_adc.o
 .text.ADC_InjectedSequencerLengthConfig
                0x00000000       0x44 ..\obj\stm32f10x_adc.o
 .text.ADC_SetInjectedOffset
                0x00000000       0x30 ..\obj\stm32f10x_adc.o
 .text.ADC_GetInjectedConversionValue
                0x00000000       0x30 ..\obj\stm32f10x_adc.o
 .text.ADC_AnalogWatchdogCmd
                0x00000000       0x38 ..\obj\stm32f10x_adc.o
 .text.ADC_AnalogWatchdogThresholdsConfig
                0x00000000       0x28 ..\obj\stm32f10x_adc.o
 .text.ADC_AnalogWatchdogSingleChannelConfig
                0x00000000       0x38 ..\obj\stm32f10x_adc.o
 .text.ADC_TempSensorVrefintCmd
                0x00000000       0x4c ..\obj\stm32f10x_adc.o
 .text.ADC_GetFlagStatus
                0x00000000       0x34 ..\obj\stm32f10x_adc.o
 .text.ADC_ClearFlag
                0x00000000       0x20 ..\obj\stm32f10x_adc.o
 .text.ADC_GetITStatus
                0x00000000       0x58 ..\obj\stm32f10x_adc.o
 .text.ADC_ClearITPendingBit
                0x00000000       0x2c ..\obj\stm32f10x_adc.o
 .debug_info    0x00000000      0xb48 ..\obj\stm32f10x_adc.o
 .debug_abbrev  0x00000000      0x198 ..\obj\stm32f10x_adc.o
 .debug_aranges
                0x00000000      0x138 ..\obj\stm32f10x_adc.o
 .debug_ranges  0x00000000      0x128 ..\obj\stm32f10x_adc.o
 .debug_line    0x00000000      0x4be ..\obj\stm32f10x_adc.o
 .debug_str     0x00000000      0x6b3 ..\obj\stm32f10x_adc.o
 .comment       0x00000000       0x47 ..\obj\stm32f10x_adc.o
 .ARM.attributes
                0x00000000       0x33 ..\obj\stm32f10x_adc.o
 .debug_frame   0x00000000      0x400 ..\obj\stm32f10x_adc.o
 .text          0x00000000        0x0 ..\obj\stm32f10x_usart.o
 .data          0x00000000        0x0 ..\obj\stm32f10x_usart.o
 .bss           0x00000000        0x0 ..\obj\stm32f10x_usart.o
 .text.USART_DeInit
                0x00000000       0xc0 ..\obj\stm32f10x_usart.o
 .text.USART_Init
                0x00000000      0x184 ..\obj\stm32f10x_usart.o
 .text.USART_StructInit
                0x00000000       0x38 ..\obj\stm32f10x_usart.o
 .text.USART_ClockInit
                0x00000000       0x54 ..\obj\stm32f10x_usart.o
 .text.USART_ClockStructInit
                0x00000000       0x2c ..\obj\stm32f10x_usart.o
 .text.USART_Cmd
                0x00000000       0x40 ..\obj\stm32f10x_usart.o
 .text.USART_DMACmd
                0x00000000       0x48 ..\obj\stm32f10x_usart.o
 .text.USART_SetAddress
                0x00000000       0x38 ..\obj\stm32f10x_usart.o
 .text.USART_WakeUpConfig
                0x00000000       0x38 ..\obj\stm32f10x_usart.o
 .text.USART_ReceiverWakeUpCmd
                0x00000000       0x40 ..\obj\stm32f10x_usart.o
 .text.USART_LINBreakDetectLengthConfig
                0x00000000       0x38 ..\obj\stm32f10x_usart.o
 .text.USART_LINCmd
                0x00000000       0x40 ..\obj\stm32f10x_usart.o
 .text.USART_SendBreak
                0x00000000       0x24 ..\obj\stm32f10x_usart.o
 .text.USART_SetGuardTime
                0x00000000       0x3c ..\obj\stm32f10x_usart.o
 .text.USART_SetPrescaler
                0x00000000       0x38 ..\obj\stm32f10x_usart.o
 .text.USART_SmartCardCmd
                0x00000000       0x40 ..\obj\stm32f10x_usart.o
 .text.USART_SmartCardNACKCmd
                0x00000000       0x40 ..\obj\stm32f10x_usart.o
 .text.USART_HalfDuplexCmd
                0x00000000       0x40 ..\obj\stm32f10x_usart.o
 .text.USART_OverSampling8Cmd
                0x00000000       0x44 ..\obj\stm32f10x_usart.o
 .text.USART_OneBitMethodCmd
                0x00000000       0x40 ..\obj\stm32f10x_usart.o
 .text.USART_IrDAConfig
                0x00000000       0x38 ..\obj\stm32f10x_usart.o
 .text.USART_IrDACmd
                0x00000000       0x40 ..\obj\stm32f10x_usart.o
 .text.USART_GetFlagStatus
                0x00000000       0x38 ..\obj\stm32f10x_usart.o
 .text.USART_ClearFlag
                0x00000000       0x20 ..\obj\stm32f10x_usart.o
 .text.USART_ClearITPendingBit
                0x00000000       0x38 ..\obj\stm32f10x_usart.o
 .text          0x00000000        0x0 ..\obj\syscalls.o
 .data          0x00000000        0x0 ..\obj\syscalls.o
 .bss           0x00000000        0x4 ..\obj\syscalls.o
 .text._sbrk    0x00000000       0x5c ..\obj\syscalls.o
 .text.link     0x00000000       0x1c ..\obj\syscalls.o
 .text._close   0x00000000       0x18 ..\obj\syscalls.o
 .text._fstat   0x00000000       0x20 ..\obj\syscalls.o
 .text._isatty  0x00000000       0x18 ..\obj\syscalls.o
 .text._lseek   0x00000000       0x1c ..\obj\syscalls.o
 .text._read    0x00000000       0x1c ..\obj\syscalls.o
 .text._write   0x00000000       0x1c ..\obj\syscalls.o
 .text.abort    0x00000000        0x8 ..\obj\syscalls.o
 .debug_info    0x00000000      0x3ee ..\obj\syscalls.o
 .debug_abbrev  0x00000000       0xe2 ..\obj\syscalls.o
 .debug_aranges
                0x00000000       0x60 ..\obj\syscalls.o
 .debug_ranges  0x00000000       0x50 ..\obj\syscalls.o
 .debug_line    0x00000000      0x181 ..\obj\syscalls.o
 .debug_str     0x00000000      0x2ab ..\obj\syscalls.o
 .comment       0x00000000       0x47 ..\obj\syscalls.o
 .ARM.attributes
                0x00000000       0x33 ..\obj\syscalls.o
 .debug_frame   0x00000000      0x108 ..\obj\syscalls.o
 .text          0x00000000        0x0 ..\obj\stm32f10x_it.o
 .data          0x00000000        0x0 ..\obj\stm32f10x_it.o
 .text          0x00000000        0x0 ..\obj\adc.o
 .data          0x00000000        0x0 ..\obj\adc.o
 .bss           0x00000000        0x0 ..\obj\adc.o
 .text.ADC_Configuration
                0x00000000      0x1dc ..\obj\adc.o
 .text.GetAdc1Value_xch
                0x00000000       0x28 ..\obj\adc.o
 .debug_info    0x00000000      0x4dd ..\obj\adc.o
 .debug_abbrev  0x00000000      0x13d ..\obj\adc.o
 .debug_aranges
                0x00000000       0x28 ..\obj\adc.o
 .debug_ranges  0x00000000       0x18 ..\obj\adc.o
 .debug_line    0x00000000      0x1f3 ..\obj\adc.o
 .debug_str     0x00000000      0x4d8 ..\obj\adc.o
 .comment       0x00000000       0x47 ..\obj\adc.o
 .ARM.attributes
                0x00000000       0x33 ..\obj\adc.o
 .debug_frame   0x00000000       0x4c ..\obj\adc.o
 COMMON         0x00000000        0xc ..\obj\adc.o
 .text          0x00000000        0x0 ..\obj\stm32f10x_dma.o
 .data          0x00000000        0x0 ..\obj\stm32f10x_dma.o
 .bss           0x00000000        0x0 ..\obj\stm32f10x_dma.o
 .text.DMA_DeInit
                0x00000000      0x1ec ..\obj\stm32f10x_dma.o
 .text.DMA_Init
                0x00000000       0x7c ..\obj\stm32f10x_dma.o
 .text.DMA_StructInit
                0x00000000       0x54 ..\obj\stm32f10x_dma.o
 .text.DMA_Cmd  0x00000000       0x38 ..\obj\stm32f10x_dma.o
 .text.DMA_ITConfig
                0x00000000       0x3c ..\obj\stm32f10x_dma.o
 .text.DMA_SetCurrDataCounter
                0x00000000       0x1c ..\obj\stm32f10x_dma.o
 .text.DMA_GetCurrDataCounter
                0x00000000       0x1c ..\obj\stm32f10x_dma.o
 .text.DMA_GetFlagStatus
                0x00000000       0x54 ..\obj\stm32f10x_dma.o
 .text.DMA_ClearFlag
                0x00000000       0x34 ..\obj\stm32f10x_dma.o
 .text.DMA_GetITStatus
                0x00000000       0x54 ..\obj\stm32f10x_dma.o
 .text.DMA_ClearITPendingBit
                0x00000000       0x34 ..\obj\stm32f10x_dma.o
 .debug_info    0x00000000      0x452 ..\obj\stm32f10x_dma.o
 .debug_abbrev  0x00000000      0x155 ..\obj\stm32f10x_dma.o
 .debug_aranges
                0x00000000       0x70 ..\obj\stm32f10x_dma.o
 .debug_ranges  0x00000000       0x60 ..\obj\stm32f10x_dma.o
 .debug_line    0x00000000      0x2a0 ..\obj\stm32f10x_dma.o
 .debug_str     0x00000000      0x379 ..\obj\stm32f10x_dma.o
 .comment       0x00000000       0x47 ..\obj\stm32f10x_dma.o
 .ARM.attributes
                0x00000000       0x33 ..\obj\stm32f10x_dma.o
 .debug_frame   0x00000000      0x144 ..\obj\stm32f10x_dma.o
 .text          0x00000000        0x0 ..\obj\nvic.o
 .data          0x00000000        0x0 ..\obj\nvic.o
 .bss           0x00000000        0x0 ..\obj\nvic.o
 .text          0x00000000        0x0 ..\obj\misc.o
 .data          0x00000000        0x0 ..\obj\misc.o
 .bss           0x00000000        0x0 ..\obj\misc.o
 .text.NVIC_SetVectorTable
                0x00000000       0x2c ..\obj\misc.o
 .text.NVIC_SystemLPConfig
                0x00000000       0x54 ..\obj\misc.o
 .text.SysTick_CLKSourceConfig
                0x00000000       0x4c ..\obj\misc.o
 .text          0x00000000        0x0 ..\obj\stm32f10x_i2c.o
 .data          0x00000000        0x0 ..\obj\stm32f10x_i2c.o
 .bss           0x00000000        0x0 ..\obj\stm32f10x_i2c.o
 .text.I2C_DeInit
                0x00000000       0x48 ..\obj\stm32f10x_i2c.o
 .text.I2C_Init
                0x00000000      0x18c ..\obj\stm32f10x_i2c.o
 .text.I2C_StructInit
                0x00000000       0x3c ..\obj\stm32f10x_i2c.o
 .text.I2C_Cmd  0x00000000       0x40 ..\obj\stm32f10x_i2c.o
 .text.I2C_DMACmd
                0x00000000       0x40 ..\obj\stm32f10x_i2c.o
 .text.I2C_DMALastTransferCmd
                0x00000000       0x40 ..\obj\stm32f10x_i2c.o
 .text.I2C_GenerateSTART
                0x00000000       0x40 ..\obj\stm32f10x_i2c.o
 .text.I2C_GenerateSTOP
                0x00000000       0x40 ..\obj\stm32f10x_i2c.o
 .text.I2C_AcknowledgeConfig
                0x00000000       0x40 ..\obj\stm32f10x_i2c.o
 .text.I2C_OwnAddress2Config
                0x00000000       0x40 ..\obj\stm32f10x_i2c.o
 .text.I2C_DualAddressCmd
                0x00000000       0x40 ..\obj\stm32f10x_i2c.o
 .text.I2C_GeneralCallCmd
                0x00000000       0x40 ..\obj\stm32f10x_i2c.o
 .text.I2C_ITConfig
                0x00000000       0x48 ..\obj\stm32f10x_i2c.o
 .text.I2C_SendData
                0x00000000       0x20 ..\obj\stm32f10x_i2c.o
 .text.I2C_ReceiveData
                0x00000000       0x1c ..\obj\stm32f10x_i2c.o
 .text.I2C_Send7bitAddress
                0x00000000       0x3c ..\obj\stm32f10x_i2c.o
 .text.I2C_ReadRegister
                0x00000000       0x30 ..\obj\stm32f10x_i2c.o
 .text.I2C_SoftwareResetCmd
                0x00000000       0x44 ..\obj\stm32f10x_i2c.o
 .text.I2C_NACKPositionConfig
                0x00000000       0x40 ..\obj\stm32f10x_i2c.o
 .text.I2C_SMBusAlertConfig
                0x00000000       0x40 ..\obj\stm32f10x_i2c.o
 .text.I2C_TransmitPEC
                0x00000000       0x40 ..\obj\stm32f10x_i2c.o
 .text.I2C_PECPositionConfig
                0x00000000       0x40 ..\obj\stm32f10x_i2c.o
 .text.I2C_CalculatePEC
                0x00000000       0x40 ..\obj\stm32f10x_i2c.o
 .text.I2C_GetPEC
                0x00000000       0x20 ..\obj\stm32f10x_i2c.o
 .text.I2C_ARPCmd
                0x00000000       0x40 ..\obj\stm32f10x_i2c.o
 .text.I2C_StretchClockCmd
                0x00000000       0x40 ..\obj\stm32f10x_i2c.o
 .text.I2C_FastModeDutyCycleConfig
                0x00000000       0x40 ..\obj\stm32f10x_i2c.o
 .text.I2C_CheckEvent
                0x00000000       0x60 ..\obj\stm32f10x_i2c.o
 .text.I2C_GetLastEvent
                0x00000000       0x44 ..\obj\stm32f10x_i2c.o
 .text.I2C_GetFlagStatus
                0x00000000       0x68 ..\obj\stm32f10x_i2c.o
 .text.I2C_ClearFlag
                0x00000000       0x2c ..\obj\stm32f10x_i2c.o
 .text.I2C_GetITStatus
                0x00000000       0x5c ..\obj\stm32f10x_i2c.o
 .text.I2C_ClearITPendingBit
                0x00000000       0x2c ..\obj\stm32f10x_i2c.o
 .debug_info    0x00000000      0xad4 ..\obj\stm32f10x_i2c.o
 .debug_abbrev  0x00000000      0x164 ..\obj\stm32f10x_i2c.o
 .debug_aranges
                0x00000000      0x120 ..\obj\stm32f10x_i2c.o
 .debug_ranges  0x00000000      0x110 ..\obj\stm32f10x_i2c.o
 .debug_line    0x00000000      0x474 ..\obj\stm32f10x_i2c.o
 .debug_str     0x00000000      0x61e ..\obj\stm32f10x_i2c.o
 .comment       0x00000000       0x47 ..\obj\stm32f10x_i2c.o
 .ARM.attributes
                0x00000000       0x33 ..\obj\stm32f10x_i2c.o
 .debug_frame   0x00000000      0x3b4 ..\obj\stm32f10x_i2c.o
 .text          0x00000000        0x0 ..\obj\usart.o
 .text.UART4_Configuration
                0x00000000       0x98 ..\obj\usart.o
 .text.transmit_uart4_s
                0x00000000       0x68 ..\obj\usart.o
 .data          0x00000000        0x0 c:/users/hikaru/mentorgraphics/sourcery_codebench_lite_for_arm_eabi/bin/../lib/gcc/arm-none-eabi/4.8.3/../../../../arm-none-eabi/lib/thumb2\libc.a(lib_a-memset.o)
 .bss           0x00000000        0x0 c:/users/hikaru/mentorgraphics/sourcery_codebench_lite_for_arm_eabi/bin/../lib/gcc/arm-none-eabi/4.8.3/../../../../arm-none-eabi/lib/thumb2\libc.a(lib_a-memset.o)

Memory Configuration

Name             Origin             Length             Attributes
rom              0x08000000         0x00020000         xr
ram              0x20000000         0x00008000         xrw
*default*        0x00000000         0xffffffff

Linker script and memory map

                0x20008000                _eram = 0x20008000

.text           0x08000000     0x32b0
 *(.isr_vector)
 .isr_vector    0x08000000      0x154 ..\obj\startup_stm32f10x_cl.o
                0x08000000                g_pfnVectors
 *(.text*)
 .text.TIM_DeInit
                0x08000154      0x24c ..\obj\stm32f10x_tim.o
                0x08000154                TIM_DeInit
 .text.TIM_TimeBaseInit
                0x080003a0      0x118 ..\obj\stm32f10x_tim.o
                0x080003a0                TIM_TimeBaseInit
 .text.TIM_Cmd  0x080004b8       0x40 ..\obj\stm32f10x_tim.o
                0x080004b8                TIM_Cmd
 .text.TIM_ITConfig
                0x080004f8       0x48 ..\obj\stm32f10x_tim.o
                0x080004f8                TIM_ITConfig
 .text.TIM_PrescalerConfig
                0x08000540       0x28 ..\obj\stm32f10x_tim.o
                0x08000540                TIM_PrescalerConfig
 .text.TIM_EncoderInterfaceConfig
                0x08000568       0x8c ..\obj\stm32f10x_tim.o
                0x08000568                TIM_EncoderInterfaceConfig
 .text.TIM_GetCounter
                0x080005f4       0x1c ..\obj\stm32f10x_tim.o
                0x080005f4                TIM_GetCounter
 .text.TIM_ClearFlag
                0x08000610       0x20 ..\obj\stm32f10x_tim.o
                0x08000610                TIM_ClearFlag
 .text.TIM_GetITStatus
                0x08000630       0x54 ..\obj\stm32f10x_tim.o
                0x08000630                TIM_GetITStatus
 .text.TIM_ClearITPendingBit
                0x08000684       0x20 ..\obj\stm32f10x_tim.o
                0x08000684                TIM_ClearITPendingBit
 .text.SystemInit
                0x080006a4       0xcc ..\obj\system_stm32f10x.o
                0x080006a4                SystemInit
 .text.SetSysClock
                0x08000770        0xc ..\obj\system_stm32f10x.o
 .text.SetSysClockTo72
                0x0800077c      0x208 ..\obj\system_stm32f10x.o
 .text.TIM_encoder_Configuration
                0x08000984      0x24c ..\obj\tim_encoder.o
                0x08000984                TIM_encoder_Configuration
 .text.CAN_DeInit
                0x08000bd0       0x48 ..\obj\stm32f10x_can.o
                0x08000bd0                CAN_DeInit
 .text.CAN_Init
                0x08000c18      0x1a4 ..\obj\stm32f10x_can.o
                0x08000c18                CAN_Init
 .text.CAN_FilterInit
                0x08000dbc      0x1f0 ..\obj\stm32f10x_can.o
                0x08000dbc                CAN_FilterInit
 .text.CAN_Transmit
                0x08000fac      0x190 ..\obj\stm32f10x_can.o
                0x08000fac                CAN_Transmit
 .text.CAN_Receive
                0x0800113c      0x170 ..\obj\stm32f10x_can.o
                0x0800113c                CAN_Receive
 .text.CAN_ITConfig
                0x080012ac       0x3c ..\obj\stm32f10x_can.o
                0x080012ac                CAN_ITConfig
 .text.CAN_GetITStatus
                0x080012e8      0x194 ..\obj\stm32f10x_can.o
                0x080012e8                CAN_GetITStatus
 .text.CAN_ClearITPendingBit
                0x0800147c       0xe0 ..\obj\stm32f10x_can.o
                0x0800147c                CAN_ClearITPendingBit
 .text.CheckITStatus
                0x0800155c       0x30 ..\obj\stm32f10x_can.o
 .text.GPIO_DeInit
                0x0800158c       0xf0 ..\obj\stm32f10x_gpio.o
                0x0800158c                GPIO_DeInit
 .text.GPIO_Init
                0x0800167c      0x178 ..\obj\stm32f10x_gpio.o
                0x0800167c                GPIO_Init
 .text.GPIO_WriteBit
                0x080017f4       0x30 ..\obj\stm32f10x_gpio.o
                0x080017f4                GPIO_WriteBit
 .text.GPIO_PinRemapConfig
                0x08001824       0xf4 ..\obj\stm32f10x_gpio.o
                0x08001824                GPIO_PinRemapConfig
 .text.NVIC_SetPriority
                0x08001918       0x58 ..\obj\main.o
 .text.SysTick_Config
                0x08001970       0x54 ..\obj\main.o
 .text.CAN2_TX_IRQHandler
                0x080019c4       0x3c ..\obj\main.o
                0x080019c4                CAN2_TX_IRQHandler
 .text.CAN2_RX0_IRQHandler
                0x08001a00       0x3c ..\obj\main.o
                0x08001a00                CAN2_RX0_IRQHandler
 .text.Encoder_ClearCount
                0x08001a3c       0x18 ..\obj\main.o
                0x08001a3c                Encoder_ClearCount
 .text.Encoder_Count
                0x08001a54      0x11c ..\obj\main.o
                0x08001a54                Encoder_Count
 .text.Encoder_int_to_char
                0x08001b70      0x250 ..\obj\main.o
                0x08001b70                Encoder_int_to_char
 .text.Encoder_into_CANflame
                0x08001dc0       0x20 ..\obj\main.o
                0x08001dc0                Encoder_into_CANflame
 .text.CAN_Receive_Check
                0x08001de0      0x400 ..\obj\main.o
                0x08001de0                CAN_Receive_Check
 .text.init     0x080021e0      0x120 ..\obj\main.o
                0x080021e0                init
 .text.main     0x08002300      0x1e8 ..\obj\main.o
                0x08002300                main
 .text.CAN_Configuration
                0x080024e8      0x494 ..\obj\can.o
                0x080024e8                CAN_Configuration
 .text.RCC_APB2PeriphClockCmd
                0x0800297c       0x50 ..\obj\stm32f10x_rcc.o
                0x0800297c                RCC_APB2PeriphClockCmd
 .text.RCC_APB1PeriphClockCmd
                0x080029cc       0x50 ..\obj\stm32f10x_rcc.o
                0x080029cc                RCC_APB1PeriphClockCmd
 .text.RCC_APB2PeriphResetCmd
                0x08002a1c       0x50 ..\obj\stm32f10x_rcc.o
                0x08002a1c                RCC_APB2PeriphResetCmd
 .text.RCC_APB1PeriphResetCmd
                0x08002a6c       0x50 ..\obj\stm32f10x_rcc.o
                0x08002a6c                RCC_APB1PeriphResetCmd
 .text.Default_Reset_Handler
                0x08002abc       0x64 ..\obj\startup_stm32f10x_cl.o
                0x08002abc                Default_Reset_Handler
                0x08002abc                Reset_Handler
 .text.Default_Handler
                0x08002b20        0x8 ..\obj\startup_stm32f10x_cl.o
                0x08002b20                EXTI2_IRQHandler
                0x08002b20                TIM1_CC_IRQHandler
                0x08002b20                TIM6_IRQHandler
                0x08002b20                PVD_IRQHandler
                0x08002b20                CAN2_RX1_IRQHandler
                0x08002b20                EXTI3_IRQHandler
                0x08002b20                EXTI0_IRQHandler
                0x08002b20                I2C2_EV_IRQHandler
                0x08002b20                CAN1_RX0_IRQHandler
                0x08002b20                CAN2_SCE_IRQHandler
                0x08002b20                ADC1_2_IRQHandler
                0x08002b20                SPI1_IRQHandler
                0x08002b20                TAMPER_IRQHandler
                0x08002b20                DMA2_Channel2_IRQHandler
                0x08002b20                DMA1_Channel4_IRQHandler
                0x08002b20                USART3_IRQHandler
                0x08002b20                RTC_IRQHandler
                0x08002b20                DMA1_Channel7_IRQHandler
                0x08002b20                CAN1_RX1_IRQHandler
                0x08002b20                UART5_IRQHandler
                0x08002b20                DMA2_Channel1_IRQHandler
                0x08002b20                I2C1_EV_IRQHandler
                0x08002b20                DMA1_Channel6_IRQHandler
                0x08002b20                DMA2_Channel4_IRQHandler
                0x08002b20                RCC_IRQHandler
                0x08002b20                TIM1_TRG_COM_IRQHandler
                0x08002b20                DMA1_Channel1_IRQHandler
                0x08002b20                EXTI15_10_IRQHandler
                0x08002b20                TIM7_IRQHandler
                0x08002b20                EXTI9_5_IRQHandler
                0x08002b20                ETH_WKUP_IRQHandler
                0x08002b20                SPI2_IRQHandler
                0x08002b20                CAN1_TX_IRQHandler
                0x08002b20                DMA2_Channel5_IRQHandler
                0x08002b20                DMA1_Channel5_IRQHandler
                0x08002b20                EXTI4_IRQHandler
                0x08002b20                DMA1_Channel3_IRQHandler
                0x08002b20                ETH_IRQHandler
                0x08002b20                TIM1_UP_IRQHandler
                0x08002b20                WWDG_IRQHandler
                0x08002b20                OTG_FS_WKUP_IRQHandler
                0x08002b20                TIM1_BRK_IRQHandler
                0x08002b20                EXTI1_IRQHandler
                0x08002b20                RTCAlarm_IRQHandler
                0x08002b20                USART2_IRQHandler
                0x08002b20                I2C2_ER_IRQHandler
                0x08002b20                DMA1_Channel2_IRQHandler
                0x08002b20                CAN1_SCE_IRQHandler
                0x08002b20                FLASH_IRQHandler
                0x08002b20                USART1_IRQHandler
                0x08002b20                OTG_FS_IRQHandler
                0x08002b20                SPI3_IRQHandler
                0x08002b20                I2C1_ER_IRQHandler
                0x08002b20                DMA2_Channel3_IRQHandler
 .text.USART_ITConfig
                0x08002b28       0x90 ..\obj\stm32f10x_usart.o
                0x08002b28                USART_ITConfig
 .text.USART_SendData
                0x08002bb8       0x24 ..\obj\stm32f10x_usart.o
                0x08002bb8                USART_SendData
 .text.USART_ReceiveData
                0x08002bdc       0x20 ..\obj\stm32f10x_usart.o
                0x08002bdc                USART_ReceiveData
 .text.USART_GetITStatus
                0x08002bfc       0xb0 ..\obj\stm32f10x_usart.o
                0x08002bfc                USART_GetITStatus
 .text.NMI_Handler
                0x08002cac        0xc ..\obj\stm32f10x_it.o
                0x08002cac                NMI_Handler
 .text.HardFault_Handler
                0x08002cb8        0x8 ..\obj\stm32f10x_it.o
                0x08002cb8                HardFault_Handler
 .text.MemManage_Handler
                0x08002cc0        0x8 ..\obj\stm32f10x_it.o
                0x08002cc0                MemManage_Handler
 .text.BusFault_Handler
                0x08002cc8        0x8 ..\obj\stm32f10x_it.o
                0x08002cc8                BusFault_Handler
 .text.UsageFault_Handler
                0x08002cd0        0x8 ..\obj\stm32f10x_it.o
                0x08002cd0                UsageFault_Handler
 .text.SVC_Handler
                0x08002cd8        0xc ..\obj\stm32f10x_it.o
                0x08002cd8                SVC_Handler
 .text.DebugMon_Handler
                0x08002ce4        0xc ..\obj\stm32f10x_it.o
                0x08002ce4                DebugMon_Handler
 .text.PendSV_Handler
                0x08002cf0        0xc ..\obj\stm32f10x_it.o
                0x08002cf0                PendSV_Handler
 .text.SysTick_Handler
                0x08002cfc       0xa0 ..\obj\stm32f10x_it.o
                0x08002cfc                SysTick_Handler
 .text.TIM2_IRQHandler
                0x08002d9c       0x60 ..\obj\stm32f10x_it.o
                0x08002d9c                TIM2_IRQHandler
 .text.TIM3_IRQHandler
                0x08002dfc       0x6c ..\obj\stm32f10x_it.o
                0x08002dfc                TIM3_IRQHandler
 .text.TIM4_IRQHandler
                0x08002e68       0x6c ..\obj\stm32f10x_it.o
                0x08002e68                TIM4_IRQHandler
 .text.TIM5_IRQHandler
                0x08002ed4       0x6c ..\obj\stm32f10x_it.o
                0x08002ed4                TIM5_IRQHandler
 .text.NVIC_Configuration
                0x08002f40       0xac ..\obj\nvic.o
                0x08002f40                NVIC_Configuration
 .text.NVIC_PriorityGroupConfig
                0x08002fec       0x28 ..\obj\misc.o
                0x08002fec                NVIC_PriorityGroupConfig
 .text.NVIC_Init
                0x08003014       0xd0 ..\obj\misc.o
                0x08003014                NVIC_Init
 .text.transmit_uart4_c
                0x080030e4       0x68 ..\obj\usart.o
                0x080030e4                transmit_uart4_c
 .text.UART4_IRQHandler
                0x0800314c       0xc4 ..\obj\usart.o
                0x0800314c                UART4_IRQHandler
 .text          0x08003210       0xa0 c:/users/hikaru/mentorgraphics/sourcery_codebench_lite_for_arm_eabi/bin/../lib/gcc/arm-none-eabi/4.8.3/../../../../arm-none-eabi/lib/thumb2\libc.a(lib_a-memset.o)
                0x08003210                memset
 *(.init)
 *(.fini)
 *crtbegin.o(.ctors)
 *crtbegin?.o(.ctors)
 *(EXCLUDE_FILE(*crtend.o *crtend?.o) .ctors)
 *(SORT(.ctors.*))
 *(.ctors)
 *crtbegin.o(.dtors)
 *crtbegin?.o(.dtors)
 *(EXCLUDE_FILE(*crtend.o *crtend?.o) .dtors)
 *(SORT(.dtors.*))
 *(.dtors)
 *(.rodata*)
 *(.eh_fram e*)

.glue_7         0x080032b0        0x0
 .glue_7        0x00000000        0x0 linker stubs

.glue_7t        0x080032b0        0x0
 .glue_7t       0x00000000        0x0 linker stubs

.vfp11_veneer   0x080032b0        0x0
 .vfp11_veneer  0x00000000        0x0 linker stubs

.v4_bx          0x080032b0        0x0
 .v4_bx         0x00000000        0x0 linker stubs

.iplt           0x080032b0        0x0
 .iplt          0x00000000        0x0 ..\obj\stm32f10x_tim.o

.rel.dyn        0x080032b0        0x0
 .rel.iplt      0x00000000        0x0 ..\obj\stm32f10x_tim.o

.ARM.extab
 *(.ARM.extab* .gnu.linkonce.armextab.*)
                0x080032b0                __exidx_start = .

.ARM.exidx
 *(.ARM.exidx* .gnu.linkonce.armexidx.*)
                0x080032b0                __exidx_end = .
                0x080032b0                __etext = .
                0x080032b0                _sidata = __etext

.data           0x20000000      0x444 load address 0x080032b0
                0x20000000                __data_start__ = .
                0x20000000                _sdata = __data_start__
 *(vtable)
 *(.data*)
 .data          0x20000000       0x14 ..\obj\system_stm32f10x.o
                0x20000000                SystemCoreClock
                0x20000004                AHBPrescTable
 .data          0x20000014      0x428 ..\obj\can.o
                0x20000014                CAN_fm
 .data          0x2000043c        0x8 ..\obj\usart.o
                0x2000043c                UART4_TxPtrEnd
                0x20000440                UART4_RxPtrEnd
                0x20000444                . = ALIGN (0x4)
                0x20000444                PROVIDE (__preinit_array_start, .)
 *(.preinit_array)
                0x20000444                PROVIDE (__preinit_array_end, .)
                0x20000444                . = ALIGN (0x4)
                0x20000444                PROVIDE (__init_array_start, .)
 *(SORT(.init_array.*))
 *(.init_array)
                0x20000444                PROVIDE (__init_array_end, .)
                0x20000444                . = ALIGN (0x4)
                0x20000444                PROVIDE (__fini_array_start, .)
 *(SORT(.fini_array.*))
 *(.fini_array)
                0x20000444                PROVIDE (__fini_array_end, .)
 *(.jcr*)
                0x20000444                . = ALIGN (0x4)
                0x20000444                __data_end__ = .
                0x20000444                _edata = __data_end__

.igot.plt       0x20000444        0x0 load address 0x080036f4
 .igot.plt      0x00000000        0x0 ..\obj\stm32f10x_tim.o

.bss            0x20000444      0x264 load address 0x080036f4
                0x20000444                . = ALIGN (0x4)
                0x20000444                __bss_start__ = .
                0x20000444                _sbss = __bss_start__
 *(.bss*)
 .bss           0x20000444       0x1c ..\obj\main.o
                0x20000444                can_tx_count
                0x20000448                interval_time
                0x20000450                can_enc_mode
 .bss           0x20000460       0x38 ..\obj\stm32f10x_it.o
                0x20000460                ticker
                0x20000464                downticker
                0x20000468                tx_interval
                0x20000478                TIM2_over_flow
                0x2000047c                TIM2_under_flow
                0x20000480                TIM3_over_flow
                0x20000484                TIM3_under_flow
                0x20000488                TIM4_over_flow
                0x2000048c                TIM4_under_flow
                0x20000490                TIM5_over_flow
                0x20000494                TIM5_under_flow
 .bss           0x20000498        0x8 ..\obj\usart.o
                0x20000498                UART4_TxPtrNow
                0x2000049c                UART4_RxPtrNow
 *(COMMON)
 COMMON         0x200004a0       0x78 ..\obj\main.o
                0x200004a0                can_tx_test
                0x200004b4                can_rx_flame
                0x200004c8                can_tx_flame
 COMMON         0x20000518      0x190 ..\obj\usart.o
                0x20000518                UART4_RxBuffer
                0x200005e0                UART4_TxBuffer
                0x200006a8                . = ALIGN (0x4)
                0x200006a8                __bss_end__ = .
                0x200006a8                _ebss = __bss_end__

.heap           0x200006a8        0x0
                0x200006a8                __end__ = .
                0x200006a8                _end = __end__
                0x200006a8                end = __end__
 *(.heap*)
                0x200006a8                __HeapLimit = .

.co_stack       0x200006a8      0x400 load address 0x08003958
                0x200006a8                . = ALIGN (0x8)
 *(.co_stack .co_stack.*)
 .co_stack      0x200006a8      0x400 ..\obj\startup_stm32f10x_cl.o
                0x200006a8                pulStack
                0x20008000                __StackTop = (ORIGIN (ram) + 0x8000)
                0x20007c00                __StackLimit = (__StackTop - SIZEOF (.co_stack))
                0x20008000                PROVIDE (__stack, __StackTop)
                0x00000001                ASSERT ((__StackLimit >= __HeapLimit), region ram  overflowed with stack)
LOAD ..\obj\stm32f10x_tim.o
LOAD ..\obj\system_stm32f10x.o
LOAD ..\obj\tim_encoder.o
LOAD ..\obj\stm32f10x_can.o
LOAD ..\obj\stm32f10x_gpio.o
LOAD ..\obj\main.o
LOAD ..\obj\printf.o
LOAD ..\obj\can.o
LOAD ..\obj\stm32f10x_rcc.o
LOAD ..\obj\startup_stm32f10x_cl.o
LOAD ..\obj\stm32f10x_adc.o
LOAD ..\obj\stm32f10x_usart.o
LOAD ..\obj\syscalls.o
LOAD ..\obj\stm32f10x_it.o
LOAD ..\obj\adc.o
LOAD ..\obj\stm32f10x_dma.o
LOAD ..\obj\nvic.o
LOAD ..\obj\misc.o
LOAD ..\obj\stm32f10x_i2c.o
LOAD ..\obj\usart.o
START GROUP
LOAD c:/users/hikaru/mentorgraphics/sourcery_codebench_lite_for_arm_eabi/bin/../lib/gcc/arm-none-eabi/4.8.3/thumb2\libgcc.a
LOAD c:/users/hikaru/mentorgraphics/sourcery_codebench_lite_for_arm_eabi/bin/../lib/gcc/arm-none-eabi/4.8.3/../../../../arm-none-eabi/lib/thumb2\libc.a
END GROUP
OUTPUT(STM32F105RB.elf elf32-littlearm)

.debug_info     0x00000000     0x733e
 .debug_info    0x00000000     0x1c2c ..\obj\stm32f10x_tim.o
 .debug_info    0x00001c2c      0x4a3 ..\obj\system_stm32f10x.o
 .debug_info    0x000020cf      0x4a3 ..\obj\tim_encoder.o
 .debug_info    0x00002572      0xb70 ..\obj\stm32f10x_can.o
 .debug_info    0x000030e2      0x6bb ..\obj\stm32f10x_gpio.o
 .debug_info    0x0000379d      0xf73 ..\obj\main.o
 .debug_info    0x00004710      0x65b ..\obj\can.o
 .debug_info    0x00004d6b      0xa67 ..\obj\stm32f10x_rcc.o
 .debug_info    0x000057d2       0xe9 ..\obj\startup_stm32f10x_cl.o
 .debug_info    0x000058bb      0x9bc ..\obj\stm32f10x_usart.o
 .debug_info    0x00006277      0x496 ..\obj\stm32f10x_it.o
 .debug_info    0x0000670d      0x2e5 ..\obj\nvic.o
 .debug_info    0x000069f2      0x51c ..\obj\misc.o
 .debug_info    0x00006f0e      0x430 ..\obj\usart.o

.debug_abbrev   0x00000000     0x13b7
 .debug_abbrev  0x00000000      0x1b0 ..\obj\stm32f10x_tim.o
 .debug_abbrev  0x000001b0      0x14c ..\obj\system_stm32f10x.o
 .debug_abbrev  0x000002fc      0x100 ..\obj\tim_encoder.o
 .debug_abbrev  0x000003fc      0x1f3 ..\obj\stm32f10x_can.o
 .debug_abbrev  0x000005ef      0x1c8 ..\obj\stm32f10x_gpio.o
 .debug_abbrev  0x000007b7      0x282 ..\obj\main.o
 .debug_abbrev  0x00000a39      0x15b ..\obj\can.o
 .debug_abbrev  0x00000b94      0x1ba ..\obj\stm32f10x_rcc.o
 .debug_abbrev  0x00000d4e       0xa7 ..\obj\startup_stm32f10x_cl.o
 .debug_abbrev  0x00000df5      0x162 ..\obj\stm32f10x_usart.o
 .debug_abbrev  0x00000f57       0xf9 ..\obj\stm32f10x_it.o
 .debug_abbrev  0x00001050       0xc6 ..\obj\nvic.o
 .debug_abbrev  0x00001116      0x145 ..\obj\misc.o
 .debug_abbrev  0x0000125b      0x15c ..\obj\usart.o

.debug_aranges  0x00000000      0x908
 .debug_aranges
                0x00000000      0x2f0 ..\obj\stm32f10x_tim.o
 .debug_aranges
                0x000002f0       0x38 ..\obj\system_stm32f10x.o
 .debug_aranges
                0x00000328       0x20 ..\obj\tim_encoder.o
 .debug_aranges
                0x00000348       0xe0 ..\obj\stm32f10x_can.o
 .debug_aranges
                0x00000428       0xa8 ..\obj\stm32f10x_gpio.o
 .debug_aranges
                0x000004d0       0x78 ..\obj\main.o
 .debug_aranges
                0x00000548       0x20 ..\obj\can.o
 .debug_aranges
                0x00000568      0x160 ..\obj\stm32f10x_rcc.o
 .debug_aranges
                0x000006c8       0x28 ..\obj\startup_stm32f10x_cl.o
 .debug_aranges
                0x000006f0      0x100 ..\obj\stm32f10x_usart.o
 .debug_aranges
                0x000007f0       0x80 ..\obj\stm32f10x_it.o
 .debug_aranges
                0x00000870       0x20 ..\obj\nvic.o
 .debug_aranges
                0x00000890       0x40 ..\obj\misc.o
 .debug_aranges
                0x000008d0       0x38 ..\obj\usart.o

.debug_ranges   0x00000000      0x828
 .debug_ranges  0x00000000      0x2e0 ..\obj\stm32f10x_tim.o
 .debug_ranges  0x000002e0       0x28 ..\obj\system_stm32f10x.o
 .debug_ranges  0x00000308       0x10 ..\obj\tim_encoder.o
 .debug_ranges  0x00000318       0xd0 ..\obj\stm32f10x_can.o
 .debug_ranges  0x000003e8       0x98 ..\obj\stm32f10x_gpio.o
 .debug_ranges  0x00000480       0x68 ..\obj\main.o
 .debug_ranges  0x000004e8       0x10 ..\obj\can.o
 .debug_ranges  0x000004f8      0x150 ..\obj\stm32f10x_rcc.o
 .debug_ranges  0x00000648       0x18 ..\obj\startup_stm32f10x_cl.o
 .debug_ranges  0x00000660       0xf0 ..\obj\stm32f10x_usart.o
 .debug_ranges  0x00000750       0x70 ..\obj\stm32f10x_it.o
 .debug_ranges  0x000007c0       0x10 ..\obj\nvic.o
 .debug_ranges  0x000007d0       0x30 ..\obj\misc.o
 .debug_ranges  0x00000800       0x28 ..\obj\usart.o

.debug_line     0x00000000     0x2d35
 .debug_line    0x00000000      0xa1e ..\obj\stm32f10x_tim.o
 .debug_line    0x00000a1e      0x1c2 ..\obj\system_stm32f10x.o
 .debug_line    0x00000be0      0x1e2 ..\obj\tim_encoder.o
 .debug_line    0x00000dc2      0x509 ..\obj\stm32f10x_can.o
 .debug_line    0x000012cb      0x34b ..\obj\stm32f10x_gpio.o
 .debug_line    0x00001616      0x372 ..\obj\main.o
 .debug_line    0x00001988      0x1f4 ..\obj\can.o
 .debug_line    0x00001b7c      0x514 ..\obj\stm32f10x_rcc.o
 .debug_line    0x00002090       0xa3 ..\obj\startup_stm32f10x_cl.o
 .debug_line    0x00002133      0x437 ..\obj\stm32f10x_usart.o
 .debug_line    0x0000256a      0x23d ..\obj\stm32f10x_it.o
 .debug_line    0x000027a7      0x199 ..\obj\nvic.o
 .debug_line    0x00002940      0x1e1 ..\obj\misc.o
 .debug_line    0x00002b21      0x214 ..\obj\usart.o

.debug_str      0x00000000     0x2c1a
 .debug_str     0x00000000      0xce2 ..\obj\stm32f10x_tim.o
                                0xd95 (size before relaxing)
 .debug_str     0x00000ce2      0x1b4 ..\obj\system_stm32f10x.o
                                0x2e8 (size before relaxing)
 .debug_str     0x00000e96      0x1df ..\obj\tim_encoder.o
                                0x494 (size before relaxing)
 .debug_str     0x00001075      0x52b ..\obj\stm32f10x_can.o
                                0x6e6 (size before relaxing)
 .debug_str     0x000015a0      0x262 ..\obj\stm32f10x_gpio.o
                                0x4d1 (size before relaxing)
 .debug_str     0x00001802      0x651 ..\obj\main.o
                                0xb6e (size before relaxing)
 .debug_str     0x00001e53       0x96 ..\obj\can.o
                                0x566 (size before relaxing)
 .debug_str     0x00001ee9      0x48d ..\obj\stm32f10x_rcc.o
                                0x71a (size before relaxing)
 .debug_str     0x00002376       0xb1 ..\obj\startup_stm32f10x_cl.o
                                0x121 (size before relaxing)
 .debug_str     0x00002427      0x430 ..\obj\stm32f10x_usart.o
                                0x648 (size before relaxing)
 .debug_str     0x00002857      0x110 ..\obj\stm32f10x_it.o
                                0x406 (size before relaxing)
 .debug_str     0x00002967       0xc4 ..\obj\nvic.o
                                0x5e1 (size before relaxing)
 .debug_str     0x00002a2b      0x10c ..\obj\misc.o
                                0x381 (size before relaxing)
 .debug_str     0x00002b37       0xe3 ..\obj\usart.o
                                0x43e (size before relaxing)

.comment        0x00000000       0x46
 .comment       0x00000000       0x46 ..\obj\stm32f10x_tim.o
                                 0x47 (size before relaxing)
 .comment       0x00000000       0x47 ..\obj\system_stm32f10x.o
 .comment       0x00000000       0x47 ..\obj\tim_encoder.o
 .comment       0x00000000       0x47 ..\obj\stm32f10x_can.o
 .comment       0x00000000       0x47 ..\obj\stm32f10x_gpio.o
 .comment       0x00000000       0x47 ..\obj\main.o
 .comment       0x00000000       0x47 ..\obj\can.o
 .comment       0x00000000       0x47 ..\obj\stm32f10x_rcc.o
 .comment       0x00000000       0x47 ..\obj\startup_stm32f10x_cl.o
 .comment       0x00000000       0x47 ..\obj\stm32f10x_usart.o
 .comment       0x00000000       0x47 ..\obj\stm32f10x_it.o
 .comment       0x00000000       0x47 ..\obj\nvic.o
 .comment       0x00000000       0x47 ..\obj\misc.o
 .comment       0x00000000       0x47 ..\obj\usart.o

.ARM.attributes
                0x00000000       0x33
 .ARM.attributes
                0x00000000       0x33 ..\obj\stm32f10x_tim.o
 .ARM.attributes
                0x00000033       0x33 ..\obj\system_stm32f10x.o
 .ARM.attributes
                0x00000066       0x33 ..\obj\tim_encoder.o
 .ARM.attributes
                0x00000099       0x33 ..\obj\stm32f10x_can.o
 .ARM.attributes
                0x000000cc       0x33 ..\obj\stm32f10x_gpio.o
 .ARM.attributes
                0x000000ff       0x33 ..\obj\main.o
 .ARM.attributes
                0x00000132       0x33 ..\obj\can.o
 .ARM.attributes
                0x00000165       0x33 ..\obj\stm32f10x_rcc.o
 .ARM.attributes
                0x00000198       0x33 ..\obj\startup_stm32f10x_cl.o
 .ARM.attributes
                0x000001cb       0x33 ..\obj\stm32f10x_usart.o
 .ARM.attributes
                0x000001fe       0x33 ..\obj\stm32f10x_it.o
 .ARM.attributes
                0x00000231       0x33 ..\obj\nvic.o
 .ARM.attributes
                0x00000264       0x33 ..\obj\misc.o
 .ARM.attributes
                0x00000297       0x33 ..\obj\usart.o
 .ARM.attributes
                0x000002ca       0x29 c:/users/hikaru/mentorgraphics/sourcery_codebench_lite_for_arm_eabi/bin/../lib/gcc/arm-none-eabi/4.8.3/../../../../arm-none-eabi/lib/thumb2\libc.a(lib_a-memset.o)

.debug_frame    0x00000000     0x1c40
 .debug_frame   0x00000000      0xa20 ..\obj\stm32f10x_tim.o
 .debug_frame   0x00000a20       0x80 ..\obj\system_stm32f10x.o
 .debug_frame   0x00000aa0       0x30 ..\obj\tim_encoder.o
 .debug_frame   0x00000ad0      0x2d4 ..\obj\stm32f10x_can.o
 .debug_frame   0x00000da4      0x210 ..\obj\stm32f10x_gpio.o
 .debug_frame   0x00000fb4      0x174 ..\obj\main.o
 .debug_frame   0x00001128       0x30 ..\obj\can.o
 .debug_frame   0x00001158      0x484 ..\obj\stm32f10x_rcc.o
 .debug_frame   0x000015dc       0x48 ..\obj\startup_stm32f10x_cl.o
 .debug_frame   0x00001624      0x344 ..\obj\stm32f10x_usart.o
 .debug_frame   0x00001968      0x158 ..\obj\stm32f10x_it.o
 .debug_frame   0x00001ac0       0x30 ..\obj\nvic.o
 .debug_frame   0x00001af0       0x9c ..\obj\misc.o
 .debug_frame   0x00001b8c       0x88 ..\obj\usart.o
 .debug_frame   0x00001c14       0x2c c:/users/hikaru/mentorgraphics/sourcery_codebench_lite_for_arm_eabi/bin/../lib/gcc/arm-none-eabi/4.8.3/../../../../arm-none-eabi/lib/thumb2\libc.a(lib_a-memset.o)
