Archive member included to satisfy reference by file (symbol)

c:/users/hikaru/mentorgraphics/sourcery_codebench_lite_for_arm_eabi/bin/../lib/gcc/arm-none-eabi/4.8.3/../../../../arm-none-eabi/lib/thumb2\libc.a(lib_a-memset.o)
                              ..\obj\main.o (memset)

Allocating common symbols
Common symbol       size              file

can_rx_flame        0x14              ..\obj\main.o
ADCConvertedValue   0xc               ..\obj\adc.o
USART2_TxBuffer     0xc8              ..\obj\usart.o
can_tx_list         0xc8              ..\obj\main.o
USART2_RxBuffer     0xc8              ..\obj\usart.o
can_rx_list         0xc8              ..\obj\main.o
can_tx_flame        0x14              ..\obj\main.o

Discarded input sections

 .text          0x00000000        0x0 ..\obj\startup_stm32f10x_ld.o
 .data          0x00000000        0x0 ..\obj\startup_stm32f10x_ld.o
 .bss           0x00000000        0x0 ..\obj\startup_stm32f10x_ld.o
 .text          0x00000000        0x0 ..\obj\stm32f10x_tim.o
 .data          0x00000000        0x0 ..\obj\stm32f10x_tim.o
 .bss           0x00000000        0x0 ..\obj\stm32f10x_tim.o
 .text.TIM_DeInit
                0x00000000      0x24c ..\obj\stm32f10x_tim.o
 .text.TIM_TimeBaseInit
                0x00000000      0x118 ..\obj\stm32f10x_tim.o
 .text.TIM_OC1Init
                0x00000000      0x120 ..\obj\stm32f10x_tim.o
 .text.TIM_OC2Init
                0x00000000      0x114 ..\obj\stm32f10x_tim.o
 .text.TIM_OC3Init
                0x00000000      0x110 ..\obj\stm32f10x_tim.o
 .text.TIM_OC4Init
                0x00000000       0xd4 ..\obj\stm32f10x_tim.o
 .text.TIM_ICInit
                0x00000000       0xa8 ..\obj\stm32f10x_tim.o
 .text.TIM_PWMIConfig
                0x00000000       0xb8 ..\obj\stm32f10x_tim.o
 .text.TIM_BDTRConfig
                0x00000000       0x50 ..\obj\stm32f10x_tim.o
 .text.TIM_TimeBaseStructInit
                0x00000000       0x34 ..\obj\stm32f10x_tim.o
 .text.TIM_OCStructInit
                0x00000000       0x44 ..\obj\stm32f10x_tim.o
 .text.TIM_ICStructInit
                0x00000000       0x30 ..\obj\stm32f10x_tim.o
 .text.TIM_BDTRStructInit
                0x00000000       0x3c ..\obj\stm32f10x_tim.o
 .text.TIM_Cmd  0x00000000       0x40 ..\obj\stm32f10x_tim.o
 .text.TIM_CtrlPWMOutputs
                0x00000000       0x4c ..\obj\stm32f10x_tim.o
 .text.TIM_ITConfig
                0x00000000       0x48 ..\obj\stm32f10x_tim.o
 .text.TIM_GenerateEvent
                0x00000000       0x1c ..\obj\stm32f10x_tim.o
 .text.TIM_DMAConfig
                0x00000000       0x28 ..\obj\stm32f10x_tim.o
 .text.TIM_DMACmd
                0x00000000       0x48 ..\obj\stm32f10x_tim.o
 .text.TIM_InternalClockConfig
                0x00000000       0x24 ..\obj\stm32f10x_tim.o
 .text.TIM_ITRxExternalClockConfig
                0x00000000       0x2c ..\obj\stm32f10x_tim.o
 .text.TIM_TIxExternalClockConfig
                0x00000000       0x54 ..\obj\stm32f10x_tim.o
 .text.TIM_ETRClockMode1Config
                0x00000000       0x50 ..\obj\stm32f10x_tim.o
 .text.TIM_ETRClockMode2Config
                0x00000000       0x30 ..\obj\stm32f10x_tim.o
 .text.TIM_ETRConfig
                0x00000000       0x48 ..\obj\stm32f10x_tim.o
 .text.TIM_PrescalerConfig
                0x00000000       0x28 ..\obj\stm32f10x_tim.o
 .text.TIM_CounterModeConfig
                0x00000000       0x38 ..\obj\stm32f10x_tim.o
 .text.TIM_SelectInputTrigger
                0x00000000       0x38 ..\obj\stm32f10x_tim.o
 .text.TIM_EncoderInterfaceConfig
                0x00000000       0x8c ..\obj\stm32f10x_tim.o
 .text.TIM_ForcedOC1Config
                0x00000000       0x38 ..\obj\stm32f10x_tim.o
 .text.TIM_ForcedOC2Config
                0x00000000       0x3c ..\obj\stm32f10x_tim.o
 .text.TIM_ForcedOC3Config
                0x00000000       0x38 ..\obj\stm32f10x_tim.o
 .text.TIM_ForcedOC4Config
                0x00000000       0x3c ..\obj\stm32f10x_tim.o
 .text.TIM_ARRPreloadConfig
                0x00000000       0x40 ..\obj\stm32f10x_tim.o
 .text.TIM_SelectCOM
                0x00000000       0x40 ..\obj\stm32f10x_tim.o
 .text.TIM_SelectCCDMA
                0x00000000       0x40 ..\obj\stm32f10x_tim.o
 .text.TIM_CCPreloadControl
                0x00000000       0x40 ..\obj\stm32f10x_tim.o
 .text.TIM_OC1PreloadConfig
                0x00000000       0x38 ..\obj\stm32f10x_tim.o
 .text.TIM_OC2PreloadConfig
                0x00000000       0x3c ..\obj\stm32f10x_tim.o
 .text.TIM_OC3PreloadConfig
                0x00000000       0x38 ..\obj\stm32f10x_tim.o
 .text.TIM_OC4PreloadConfig
                0x00000000       0x3c ..\obj\stm32f10x_tim.o
 .text.TIM_OC1FastConfig
                0x00000000       0x38 ..\obj\stm32f10x_tim.o
 .text.TIM_OC2FastConfig
                0x00000000       0x3c ..\obj\stm32f10x_tim.o
 .text.TIM_OC3FastConfig
                0x00000000       0x38 ..\obj\stm32f10x_tim.o
 .text.TIM_OC4FastConfig
                0x00000000       0x3c ..\obj\stm32f10x_tim.o
 .text.TIM_ClearOC1Ref
                0x00000000       0x38 ..\obj\stm32f10x_tim.o
 .text.TIM_ClearOC2Ref
                0x00000000       0x3c ..\obj\stm32f10x_tim.o
 .text.TIM_ClearOC3Ref
                0x00000000       0x38 ..\obj\stm32f10x_tim.o
 .text.TIM_ClearOC4Ref
                0x00000000       0x3c ..\obj\stm32f10x_tim.o
 .text.TIM_OC1PolarityConfig
                0x00000000       0x38 ..\obj\stm32f10x_tim.o
 .text.TIM_OC1NPolarityConfig
                0x00000000       0x38 ..\obj\stm32f10x_tim.o
 .text.TIM_OC2PolarityConfig
                0x00000000       0x3c ..\obj\stm32f10x_tim.o
 .text.TIM_OC2NPolarityConfig
                0x00000000       0x3c ..\obj\stm32f10x_tim.o
 .text.TIM_OC3PolarityConfig
                0x00000000       0x3c ..\obj\stm32f10x_tim.o
 .text.TIM_OC3NPolarityConfig
                0x00000000       0x3c ..\obj\stm32f10x_tim.o
 .text.TIM_OC4PolarityConfig
                0x00000000       0x3c ..\obj\stm32f10x_tim.o
 .text.TIM_CCxCmd
                0x00000000       0x54 ..\obj\stm32f10x_tim.o
 .text.TIM_CCxNCmd
                0x00000000       0x54 ..\obj\stm32f10x_tim.o
 .text.TIM_SelectOCxM
                0x00000000       0xa8 ..\obj\stm32f10x_tim.o
 .text.TIM_UpdateDisableConfig
                0x00000000       0x40 ..\obj\stm32f10x_tim.o
 .text.TIM_UpdateRequestConfig
                0x00000000       0x40 ..\obj\stm32f10x_tim.o
 .text.TIM_SelectHallSensor
                0x00000000       0x40 ..\obj\stm32f10x_tim.o
 .text.TIM_SelectOnePulseMode
                0x00000000       0x38 ..\obj\stm32f10x_tim.o
 .text.TIM_SelectOutputTrigger
                0x00000000       0x38 ..\obj\stm32f10x_tim.o
 .text.TIM_SelectSlaveMode
                0x00000000       0x38 ..\obj\stm32f10x_tim.o
 .text.TIM_SelectMasterSlaveMode
                0x00000000       0x38 ..\obj\stm32f10x_tim.o
 .text.TIM_SetCounter
                0x00000000       0x1c ..\obj\stm32f10x_tim.o
 .text.TIM_SetAutoreload
                0x00000000       0x1c ..\obj\stm32f10x_tim.o
 .text.TIM_SetCompare1
                0x00000000       0x1c ..\obj\stm32f10x_tim.o
 .text.TIM_SetCompare2
                0x00000000       0x1c ..\obj\stm32f10x_tim.o
 .text.TIM_SetCompare3
                0x00000000       0x1c ..\obj\stm32f10x_tim.o
 .text.TIM_SetCompare4
                0x00000000       0x20 ..\obj\stm32f10x_tim.o
 .text.TIM_SetIC1Prescaler
                0x00000000       0x38 ..\obj\stm32f10x_tim.o
 .text.TIM_SetIC2Prescaler
                0x00000000       0x3c ..\obj\stm32f10x_tim.o
 .text.TIM_SetIC3Prescaler
                0x00000000       0x38 ..\obj\stm32f10x_tim.o
 .text.TIM_SetIC4Prescaler
                0x00000000       0x3c ..\obj\stm32f10x_tim.o
 .text.TIM_SetClockDivision
                0x00000000       0x38 ..\obj\stm32f10x_tim.o
 .text.TIM_GetCapture1
                0x00000000       0x1c ..\obj\stm32f10x_tim.o
 .text.TIM_GetCapture2
                0x00000000       0x1c ..\obj\stm32f10x_tim.o
 .text.TIM_GetCapture3
                0x00000000       0x1c ..\obj\stm32f10x_tim.o
 .text.TIM_GetCapture4
                0x00000000       0x1c ..\obj\stm32f10x_tim.o
 .text.TIM_GetCounter
                0x00000000       0x1c ..\obj\stm32f10x_tim.o
 .text.TIM_GetPrescaler
                0x00000000       0x1c ..\obj\stm32f10x_tim.o
 .text.TIM_GetFlagStatus
                0x00000000       0x38 ..\obj\stm32f10x_tim.o
 .text.TIM_ClearITPendingBit
                0x00000000       0x20 ..\obj\stm32f10x_tim.o
 .text.TI1_Config
                0x00000000       0xe0 ..\obj\stm32f10x_tim.o
 .text.TI2_Config
                0x00000000       0xf4 ..\obj\stm32f10x_tim.o
 .text.TI3_Config
                0x00000000       0xe8 ..\obj\stm32f10x_tim.o
 .text.TI4_Config
                0x00000000       0xf8 ..\obj\stm32f10x_tim.o
 .text          0x00000000        0x0 ..\obj\system_stm32f10x.o
 .bss           0x00000000        0x0 ..\obj\system_stm32f10x.o
 .text.SystemCoreClockUpdate
                0x00000000      0x13c ..\obj\system_stm32f10x.o
 .text          0x00000000        0x0 ..\obj\tim_encoder.o
 .data          0x00000000        0x0 ..\obj\tim_encoder.o
 .bss           0x00000000        0x0 ..\obj\tim_encoder.o
 .text.TIM_encoder_Configuration
                0x00000000      0x158 ..\obj\tim_encoder.o
 .debug_info    0x00000000      0x4a3 ..\obj\tim_encoder.o
 .debug_abbrev  0x00000000      0x100 ..\obj\tim_encoder.o
 .debug_aranges
                0x00000000       0x20 ..\obj\tim_encoder.o
 .debug_ranges  0x00000000       0x10 ..\obj\tim_encoder.o
 .debug_line    0x00000000      0x1d0 ..\obj\tim_encoder.o
 .debug_str     0x00000000      0x494 ..\obj\tim_encoder.o
 .comment       0x00000000       0x47 ..\obj\tim_encoder.o
 .ARM.attributes
                0x00000000       0x33 ..\obj\tim_encoder.o
 .debug_frame   0x00000000       0x30 ..\obj\tim_encoder.o
 .text          0x00000000        0x0 ..\obj\stm32f10x_can.o
 .data          0x00000000        0x0 ..\obj\stm32f10x_can.o
 .bss           0x00000000        0x0 ..\obj\stm32f10x_can.o
 .text.CAN_StructInit
                0x00000000       0x54 ..\obj\stm32f10x_can.o
 .text.CAN_SlaveStartBank
                0x00000000       0x8c ..\obj\stm32f10x_can.o
 .text.CAN_DBGFreeze
                0x00000000       0x38 ..\obj\stm32f10x_can.o
 .text.CAN_TTComModeCmd
                0x00000000       0x98 ..\obj\stm32f10x_can.o
 .text.CAN_TransmitStatus
                0x00000000       0xec ..\obj\stm32f10x_can.o
 .text.CAN_CancelTransmit
                0x00000000       0x50 ..\obj\stm32f10x_can.o
 .text.CAN_FIFORelease
                0x00000000       0x38 ..\obj\stm32f10x_can.o
 .text.CAN_MessagePending
                0x00000000       0x4c ..\obj\stm32f10x_can.o
 .text.CAN_OperatingModeRequest
                0x00000000       0xfc ..\obj\stm32f10x_can.o
 .text.CAN_Sleep
                0x00000000       0x3c ..\obj\stm32f10x_can.o
 .text.CAN_WakeUp
                0x00000000       0x58 ..\obj\stm32f10x_can.o
 .text.CAN_GetLastErrorCode
                0x00000000       0x28 ..\obj\stm32f10x_can.o
 .text.CAN_GetFlagStatus
                0x00000000       0xd0 ..\obj\stm32f10x_can.o
 .text.CAN_ClearFlag
                0x00000000       0x70 ..\obj\stm32f10x_can.o
 .text          0x00000000        0x0 ..\obj\stm32f10x_gpio.o
 .data          0x00000000        0x0 ..\obj\stm32f10x_gpio.o
 .bss           0x00000000        0x0 ..\obj\stm32f10x_gpio.o
 .text.GPIO_DeInit
                0x00000000       0xf0 ..\obj\stm32f10x_gpio.o
 .text.GPIO_AFIODeInit
                0x00000000       0x18 ..\obj\stm32f10x_gpio.o
 .text.GPIO_StructInit
                0x00000000       0x28 ..\obj\stm32f10x_gpio.o
 .text.GPIO_ReadInputDataBit
                0x00000000       0x34 ..\obj\stm32f10x_gpio.o
 .text.GPIO_ReadInputData
                0x00000000       0x1c ..\obj\stm32f10x_gpio.o
 .text.GPIO_ReadOutputDataBit
                0x00000000       0x34 ..\obj\stm32f10x_gpio.o
 .text.GPIO_ReadOutputData
                0x00000000       0x1c ..\obj\stm32f10x_gpio.o
 .text.GPIO_SetBits
                0x00000000       0x1c ..\obj\stm32f10x_gpio.o
 .text.GPIO_ResetBits
                0x00000000       0x1c ..\obj\stm32f10x_gpio.o
 .text.GPIO_Write
                0x00000000       0x1c ..\obj\stm32f10x_gpio.o
 .text.GPIO_PinLockConfig
                0x00000000       0x44 ..\obj\stm32f10x_gpio.o
 .text.GPIO_EventOutputConfig
                0x00000000       0x4c ..\obj\stm32f10x_gpio.o
 .text.GPIO_EventOutputCmd
                0x00000000       0x20 ..\obj\stm32f10x_gpio.o
 .text.GPIO_PinRemapConfig
                0x00000000       0xf4 ..\obj\stm32f10x_gpio.o
 .text.GPIO_EXTILineConfig
                0x00000000       0x8c ..\obj\stm32f10x_gpio.o
 .text.GPIO_ETH_MediaInterfaceConfig
                0x00000000       0x1c ..\obj\stm32f10x_gpio.o
 .text          0x00000000        0x0 ..\obj\main.o
 .data          0x00000000        0x0 ..\obj\main.o
 .bss           0x00000000        0x4 ..\obj\main.o
 .text.XXX_Configuration
                0x00000000        0xc ..\obj\main.o
 .text          0x00000000        0x0 ..\obj\printf.o
 .data          0x00000000       0xf4 ..\obj\printf.o
 .bss           0x00000000        0x0 ..\obj\printf.o
 .text.PrintChar
                0x00000000       0x14 ..\obj\printf.o
 .text.snprintf
                0x00000000       0x30 ..\obj\printf.o
 .rodata        0x00000000       0x24 ..\obj\printf.o
 .text.vfprintf
                0x00000000       0x6c ..\obj\printf.o
 .text.vprintf  0x00000000       0x2c ..\obj\printf.o
 .text.fprintf  0x00000000       0x2c ..\obj\printf.o
 .text.printf   0x00000000       0x28 ..\obj\printf.o
 .text.puts     0x00000000       0x28 ..\obj\printf.o
 .text.fputc    0x00000000       0x48 ..\obj\printf.o
 .text.fputs    0x00000000       0x48 ..\obj\printf.o
 .text          0x00000000        0x0 ..\obj\can.o
 .bss           0x00000000        0x0 ..\obj\can.o
 .text          0x00000000        0x0 ..\obj\stm32f10x_rcc.o
 .bss           0x00000000        0x0 ..\obj\stm32f10x_rcc.o
 .text.RCC_DeInit
                0x00000000       0x9c ..\obj\stm32f10x_rcc.o
 .text.RCC_HSEConfig
                0x00000000       0x88 ..\obj\stm32f10x_rcc.o
 .text.RCC_WaitForHSEStartUp
                0x00000000       0x50 ..\obj\stm32f10x_rcc.o
 .text.RCC_AdjustHSICalibrationValue
                0x00000000       0x44 ..\obj\stm32f10x_rcc.o
 .text.RCC_HSICmd
                0x00000000       0x20 ..\obj\stm32f10x_rcc.o
 .text.RCC_PLLConfig
                0x00000000       0x44 ..\obj\stm32f10x_rcc.o
 .text.RCC_PLLCmd
                0x00000000       0x20 ..\obj\stm32f10x_rcc.o
 .text.RCC_SYSCLKConfig
                0x00000000       0x40 ..\obj\stm32f10x_rcc.o
 .text.RCC_GetSYSCLKSource
                0x00000000       0x20 ..\obj\stm32f10x_rcc.o
 .text.RCC_HCLKConfig
                0x00000000       0x40 ..\obj\stm32f10x_rcc.o
 .text.RCC_PCLK1Config
                0x00000000       0x40 ..\obj\stm32f10x_rcc.o
 .text.RCC_PCLK2Config
                0x00000000       0x40 ..\obj\stm32f10x_rcc.o
 .text.RCC_ITConfig
                0x00000000       0x5c ..\obj\stm32f10x_rcc.o
 .text.RCC_USBCLKConfig
                0x00000000       0x1c ..\obj\stm32f10x_rcc.o
 .text.RCC_ADCCLKConfig
                0x00000000       0x40 ..\obj\stm32f10x_rcc.o
 .text.RCC_LSEConfig
                0x00000000       0x54 ..\obj\stm32f10x_rcc.o
 .text.RCC_LSICmd
                0x00000000       0x20 ..\obj\stm32f10x_rcc.o
 .text.RCC_RTCCLKConfig
                0x00000000       0x2c ..\obj\stm32f10x_rcc.o
 .text.RCC_RTCCLKCmd
                0x00000000       0x20 ..\obj\stm32f10x_rcc.o
 .text.RCC_AHBPeriphClockCmd
                0x00000000       0x50 ..\obj\stm32f10x_rcc.o
 .text.RCC_APB2PeriphResetCmd
                0x00000000       0x50 ..\obj\stm32f10x_rcc.o
 .text.RCC_BackupResetCmd
                0x00000000       0x20 ..\obj\stm32f10x_rcc.o
 .text.RCC_ClockSecuritySystemCmd
                0x00000000       0x20 ..\obj\stm32f10x_rcc.o
 .text.RCC_MCOConfig
                0x00000000       0x20 ..\obj\stm32f10x_rcc.o
 .text.RCC_GetFlagStatus
                0x00000000       0x84 ..\obj\stm32f10x_rcc.o
 .text.RCC_ClearFlag
                0x00000000       0x24 ..\obj\stm32f10x_rcc.o
 .text.RCC_GetITStatus
                0x00000000       0x38 ..\obj\stm32f10x_rcc.o
 .text.RCC_ClearITPendingBit
                0x00000000       0x20 ..\obj\stm32f10x_rcc.o
 .text          0x00000000        0x0 ..\obj\stm32f10x_adc.o
 .data          0x00000000        0x0 ..\obj\stm32f10x_adc.o
 .bss           0x00000000        0x0 ..\obj\stm32f10x_adc.o
 .text.ADC_DeInit
                0x00000000       0x78 ..\obj\stm32f10x_adc.o
 .text.ADC_Init
                0x00000000       0xa4 ..\obj\stm32f10x_adc.o
 .text.ADC_StructInit
                0x00000000       0x38 ..\obj\stm32f10x_adc.o
 .text.ADC_Cmd  0x00000000       0x38 ..\obj\stm32f10x_adc.o
 .text.ADC_DMACmd
                0x00000000       0x38 ..\obj\stm32f10x_adc.o
 .text.ADC_ITConfig
                0x00000000       0x44 ..\obj\stm32f10x_adc.o
 .text.ADC_ResetCalibration
                0x00000000       0x20 ..\obj\stm32f10x_adc.o
 .text.ADC_GetResetCalibrationStatus
                0x00000000       0x30 ..\obj\stm32f10x_adc.o
 .text.ADC_StartCalibration
                0x00000000       0x20 ..\obj\stm32f10x_adc.o
 .text.ADC_GetCalibrationStatus
                0x00000000       0x30 ..\obj\stm32f10x_adc.o
 .text.ADC_SoftwareStartConvCmd
                0x00000000       0x38 ..\obj\stm32f10x_adc.o
 .text.ADC_GetSoftwareStartConvStatus
                0x00000000       0x30 ..\obj\stm32f10x_adc.o
 .text.ADC_DiscModeChannelCountConfig
                0x00000000       0x44 ..\obj\stm32f10x_adc.o
 .text.ADC_DiscModeCmd
                0x00000000       0x38 ..\obj\stm32f10x_adc.o
 .text.ADC_RegularChannelConfig
                0x00000000      0x188 ..\obj\stm32f10x_adc.o
 .text.ADC_ExternalTrigConvCmd
                0x00000000       0x38 ..\obj\stm32f10x_adc.o
 .text.ADC_GetConversionValue
                0x00000000       0x1c ..\obj\stm32f10x_adc.o
 .text.ADC_GetDualModeConversionValue
                0x00000000       0x18 ..\obj\stm32f10x_adc.o
 .text.ADC_AutoInjectedConvCmd
                0x00000000       0x38 ..\obj\stm32f10x_adc.o
 .text.ADC_InjectedDiscModeCmd
                0x00000000       0x38 ..\obj\stm32f10x_adc.o
 .text.ADC_ExternalTrigInjectedConvConfig
                0x00000000       0x34 ..\obj\stm32f10x_adc.o
 .text.ADC_ExternalTrigInjectedConvCmd
                0x00000000       0x38 ..\obj\stm32f10x_adc.o
 .text.ADC_SoftwareStartInjectedConvCmd
                0x00000000       0x38 ..\obj\stm32f10x_adc.o
 .text.ADC_GetSoftwareStartInjectedConvCmdStatus
                0x00000000       0x30 ..\obj\stm32f10x_adc.o
 .text.ADC_InjectedChannelConfig
                0x00000000      0x114 ..\obj\stm32f10x_adc.o
 .text.ADC_InjectedSequencerLengthConfig
                0x00000000       0x44 ..\obj\stm32f10x_adc.o
 .text.ADC_SetInjectedOffset
                0x00000000       0x30 ..\obj\stm32f10x_adc.o
 .text.ADC_GetInjectedConversionValue
                0x00000000       0x30 ..\obj\stm32f10x_adc.o
 .text.ADC_AnalogWatchdogCmd
                0x00000000       0x38 ..\obj\stm32f10x_adc.o
 .text.ADC_AnalogWatchdogThresholdsConfig
                0x00000000       0x28 ..\obj\stm32f10x_adc.o
 .text.ADC_AnalogWatchdogSingleChannelConfig
                0x00000000       0x38 ..\obj\stm32f10x_adc.o
 .text.ADC_TempSensorVrefintCmd
                0x00000000       0x4c ..\obj\stm32f10x_adc.o
 .text.ADC_GetFlagStatus
                0x00000000       0x34 ..\obj\stm32f10x_adc.o
 .text.ADC_ClearFlag
                0x00000000       0x20 ..\obj\stm32f10x_adc.o
 .text.ADC_GetITStatus
                0x00000000       0x58 ..\obj\stm32f10x_adc.o
 .text.ADC_ClearITPendingBit
                0x00000000       0x2c ..\obj\stm32f10x_adc.o
 .debug_info    0x00000000      0xb48 ..\obj\stm32f10x_adc.o
 .debug_abbrev  0x00000000      0x198 ..\obj\stm32f10x_adc.o
 .debug_aranges
                0x00000000      0x138 ..\obj\stm32f10x_adc.o
 .debug_ranges  0x00000000      0x128 ..\obj\stm32f10x_adc.o
 .debug_line    0x00000000      0x4be ..\obj\stm32f10x_adc.o
 .debug_str     0x00000000      0x6b3 ..\obj\stm32f10x_adc.o
 .comment       0x00000000       0x47 ..\obj\stm32f10x_adc.o
 .ARM.attributes
                0x00000000       0x33 ..\obj\stm32f10x_adc.o
 .debug_frame   0x00000000      0x400 ..\obj\stm32f10x_adc.o
 .text          0x00000000        0x0 ..\obj\stm32f10x_usart.o
 .data          0x00000000        0x0 ..\obj\stm32f10x_usart.o
 .bss           0x00000000        0x0 ..\obj\stm32f10x_usart.o
 .text.USART_DeInit
                0x00000000       0xc0 ..\obj\stm32f10x_usart.o
 .text.USART_StructInit
                0x00000000       0x38 ..\obj\stm32f10x_usart.o
 .text.USART_ClockInit
                0x00000000       0x54 ..\obj\stm32f10x_usart.o
 .text.USART_ClockStructInit
                0x00000000       0x2c ..\obj\stm32f10x_usart.o
 .text.USART_DMACmd
                0x00000000       0x48 ..\obj\stm32f10x_usart.o
 .text.USART_SetAddress
                0x00000000       0x38 ..\obj\stm32f10x_usart.o
 .text.USART_WakeUpConfig
                0x00000000       0x38 ..\obj\stm32f10x_usart.o
 .text.USART_ReceiverWakeUpCmd
                0x00000000       0x40 ..\obj\stm32f10x_usart.o
 .text.USART_LINBreakDetectLengthConfig
                0x00000000       0x38 ..\obj\stm32f10x_usart.o
 .text.USART_LINCmd
                0x00000000       0x40 ..\obj\stm32f10x_usart.o
 .text.USART_SendBreak
                0x00000000       0x24 ..\obj\stm32f10x_usart.o
 .text.USART_SetGuardTime
                0x00000000       0x3c ..\obj\stm32f10x_usart.o
 .text.USART_SetPrescaler
                0x00000000       0x38 ..\obj\stm32f10x_usart.o
 .text.USART_SmartCardCmd
                0x00000000       0x40 ..\obj\stm32f10x_usart.o
 .text.USART_SmartCardNACKCmd
                0x00000000       0x40 ..\obj\stm32f10x_usart.o
 .text.USART_HalfDuplexCmd
                0x00000000       0x40 ..\obj\stm32f10x_usart.o
 .text.USART_OverSampling8Cmd
                0x00000000       0x44 ..\obj\stm32f10x_usart.o
 .text.USART_OneBitMethodCmd
                0x00000000       0x40 ..\obj\stm32f10x_usart.o
 .text.USART_IrDAConfig
                0x00000000       0x38 ..\obj\stm32f10x_usart.o
 .text.USART_IrDACmd
                0x00000000       0x40 ..\obj\stm32f10x_usart.o
 .text.USART_GetFlagStatus
                0x00000000       0x38 ..\obj\stm32f10x_usart.o
 .text.USART_ClearFlag
                0x00000000       0x20 ..\obj\stm32f10x_usart.o
 .text.USART_ClearITPendingBit
                0x00000000       0x38 ..\obj\stm32f10x_usart.o
 .text          0x00000000        0x0 ..\obj\syscalls.o
 .data          0x00000000        0x0 ..\obj\syscalls.o
 .bss           0x00000000        0x4 ..\obj\syscalls.o
 .text._sbrk    0x00000000       0x5c ..\obj\syscalls.o
 .text.link     0x00000000       0x1c ..\obj\syscalls.o
 .text._close   0x00000000       0x18 ..\obj\syscalls.o
 .text._fstat   0x00000000       0x20 ..\obj\syscalls.o
 .text._isatty  0x00000000       0x18 ..\obj\syscalls.o
 .text._lseek   0x00000000       0x1c ..\obj\syscalls.o
 .text._read    0x00000000       0x1c ..\obj\syscalls.o
 .text._write   0x00000000       0x1c ..\obj\syscalls.o
 .text.abort    0x00000000        0x8 ..\obj\syscalls.o
 .debug_info    0x00000000      0x3ee ..\obj\syscalls.o
 .debug_abbrev  0x00000000       0xe2 ..\obj\syscalls.o
 .debug_aranges
                0x00000000       0x60 ..\obj\syscalls.o
 .debug_ranges  0x00000000       0x50 ..\obj\syscalls.o
 .debug_line    0x00000000      0x181 ..\obj\syscalls.o
 .debug_str     0x00000000      0x2ab ..\obj\syscalls.o
 .comment       0x00000000       0x47 ..\obj\syscalls.o
 .ARM.attributes
                0x00000000       0x33 ..\obj\syscalls.o
 .debug_frame   0x00000000      0x108 ..\obj\syscalls.o
 .text          0x00000000        0x0 ..\obj\stm32f10x_it.o
 .data          0x00000000        0x0 ..\obj\stm32f10x_it.o
 .text          0x00000000        0x0 ..\obj\adc.o
 .data          0x00000000        0x0 ..\obj\adc.o
 .bss           0x00000000        0x0 ..\obj\adc.o
 .text.ADC_Configuration
                0x00000000      0x1c8 ..\obj\adc.o
 .text.GetAdc1Value_xch
                0x00000000       0x28 ..\obj\adc.o
 .debug_info    0x00000000      0x4dd ..\obj\adc.o
 .debug_abbrev  0x00000000      0x13d ..\obj\adc.o
 .debug_aranges
                0x00000000       0x28 ..\obj\adc.o
 .debug_ranges  0x00000000       0x18 ..\obj\adc.o
 .debug_line    0x00000000      0x1f4 ..\obj\adc.o
 .debug_str     0x00000000      0x4d8 ..\obj\adc.o
 .comment       0x00000000       0x47 ..\obj\adc.o
 .ARM.attributes
                0x00000000       0x33 ..\obj\adc.o
 .debug_frame   0x00000000       0x4c ..\obj\adc.o
 COMMON         0x00000000        0xc ..\obj\adc.o
 .text          0x00000000        0x0 ..\obj\stm32f10x_dma.o
 .data          0x00000000        0x0 ..\obj\stm32f10x_dma.o
 .bss           0x00000000        0x0 ..\obj\stm32f10x_dma.o
 .text.DMA_DeInit
                0x00000000      0x1ec ..\obj\stm32f10x_dma.o
 .text.DMA_Init
                0x00000000       0x7c ..\obj\stm32f10x_dma.o
 .text.DMA_StructInit
                0x00000000       0x54 ..\obj\stm32f10x_dma.o
 .text.DMA_Cmd  0x00000000       0x38 ..\obj\stm32f10x_dma.o
 .text.DMA_ITConfig
                0x00000000       0x3c ..\obj\stm32f10x_dma.o
 .text.DMA_SetCurrDataCounter
                0x00000000       0x1c ..\obj\stm32f10x_dma.o
 .text.DMA_GetCurrDataCounter
                0x00000000       0x1c ..\obj\stm32f10x_dma.o
 .text.DMA_GetFlagStatus
                0x00000000       0x54 ..\obj\stm32f10x_dma.o
 .text.DMA_ClearFlag
                0x00000000       0x34 ..\obj\stm32f10x_dma.o
 .text.DMA_GetITStatus
                0x00000000       0x54 ..\obj\stm32f10x_dma.o
 .text.DMA_ClearITPendingBit
                0x00000000       0x34 ..\obj\stm32f10x_dma.o
 .debug_info    0x00000000      0x452 ..\obj\stm32f10x_dma.o
 .debug_abbrev  0x00000000      0x155 ..\obj\stm32f10x_dma.o
 .debug_aranges
                0x00000000       0x70 ..\obj\stm32f10x_dma.o
 .debug_ranges  0x00000000       0x60 ..\obj\stm32f10x_dma.o
 .debug_line    0x00000000      0x2a0 ..\obj\stm32f10x_dma.o
 .debug_str     0x00000000      0x379 ..\obj\stm32f10x_dma.o
 .comment       0x00000000       0x47 ..\obj\stm32f10x_dma.o
 .ARM.attributes
                0x00000000       0x33 ..\obj\stm32f10x_dma.o
 .debug_frame   0x00000000      0x144 ..\obj\stm32f10x_dma.o
 .text          0x00000000        0x0 ..\obj\nvic.o
 .data          0x00000000        0x0 ..\obj\nvic.o
 .bss           0x00000000        0x0 ..\obj\nvic.o
 .text          0x00000000        0x0 ..\obj\misc.o
 .data          0x00000000        0x0 ..\obj\misc.o
 .bss           0x00000000        0x0 ..\obj\misc.o
 .text.NVIC_SetVectorTable
                0x00000000       0x2c ..\obj\misc.o
 .text.NVIC_SystemLPConfig
                0x00000000       0x54 ..\obj\misc.o
 .text.SysTick_CLKSourceConfig
                0x00000000       0x4c ..\obj\misc.o
 .text          0x00000000        0x0 ..\obj\usart.o
 .data          0x00000000        0x0 c:/users/hikaru/mentorgraphics/sourcery_codebench_lite_for_arm_eabi/bin/../lib/gcc/arm-none-eabi/4.8.3/../../../../arm-none-eabi/lib/thumb2\libc.a(lib_a-memset.o)
 .bss           0x00000000        0x0 c:/users/hikaru/mentorgraphics/sourcery_codebench_lite_for_arm_eabi/bin/../lib/gcc/arm-none-eabi/4.8.3/../../../../arm-none-eabi/lib/thumb2\libc.a(lib_a-memset.o)

Memory Configuration

Name             Origin             Length             Attributes
rom              0x08000000         0x00004000         xr
ram              0x20000000         0x00001800         xrw
*default*        0x00000000         0xffffffff

Linker script and memory map

                0x20001800                _eram = 0x20001800

.text           0x08000000     0x29c8
 *(.isr_vector)
 .isr_vector    0x08000000      0x10c ..\obj\startup_stm32f10x_ld.o
                0x08000000                g_pfnVectors
 *(.text*)
 .text.Default_Reset_Handler
                0x0800010c       0x64 ..\obj\startup_stm32f10x_ld.o
                0x0800010c                Default_Reset_Handler
                0x0800010c                Reset_Handler
 .text.Default_Handler
                0x08000170        0x8 ..\obj\startup_stm32f10x_ld.o
                0x08000170                EXTI2_IRQHandler
                0x08000170                TIM1_CC_IRQHandler
                0x08000170                PVD_IRQHandler
                0x08000170                EXTI3_IRQHandler
                0x08000170                EXTI0_IRQHandler
                0x08000170                ADC1_2_IRQHandler
                0x08000170                SPI1_IRQHandler
                0x08000170                TAMPER_IRQHandler
                0x08000170                DMA1_Channel4_IRQHandler
                0x08000170                RTC_IRQHandler
                0x08000170                DMA1_Channel7_IRQHandler
                0x08000170                CAN1_RX1_IRQHandler
                0x08000170                I2C1_EV_IRQHandler
                0x08000170                DMA1_Channel6_IRQHandler
                0x08000170                RCC_IRQHandler
                0x08000170                TIM1_TRG_COM_IRQHandler
                0x08000170                DMA1_Channel1_IRQHandler
                0x08000170                EXTI15_10_IRQHandler
                0x08000170                EXTI9_5_IRQHandler
                0x08000170                DMA1_Channel5_IRQHandler
                0x08000170                EXTI4_IRQHandler
                0x08000170                DMA1_Channel3_IRQHandler
                0x08000170                WWDG_IRQHandler
                0x08000170                TIM1_BRK_IRQHandler
                0x08000170                EXTI1_IRQHandler
                0x08000170                RTCAlarm_IRQHandler
                0x08000170                DMA1_Channel2_IRQHandler
                0x08000170                FLASH_IRQHandler
                0x08000170                USART1_IRQHandler
                0x08000170                I2C1_ER_IRQHandler
                0x08000170                USBWakeUp_IRQHandler
 .text.TIM_ClearFlag
                0x08000178       0x20 ..\obj\stm32f10x_tim.o
                0x08000178                TIM_ClearFlag
 .text.TIM_GetITStatus
                0x08000198       0x54 ..\obj\stm32f10x_tim.o
                0x08000198                TIM_GetITStatus
 .text.SystemInit
                0x080001ec       0xa8 ..\obj\system_stm32f10x.o
                0x080001ec                SystemInit
 .text.SetSysClock
                0x08000294        0xc ..\obj\system_stm32f10x.o
 .text.SetSysClockTo72
                0x080002a0      0x1a0 ..\obj\system_stm32f10x.o
 .text.CAN_DeInit
                0x08000440       0x48 ..\obj\stm32f10x_can.o
                0x08000440                CAN_DeInit
 .text.CAN_Init
                0x08000488      0x1a4 ..\obj\stm32f10x_can.o
                0x08000488                CAN_Init
 .text.CAN_FilterInit
                0x0800062c      0x1f0 ..\obj\stm32f10x_can.o
                0x0800062c                CAN_FilterInit
 .text.CAN_Transmit
                0x0800081c      0x190 ..\obj\stm32f10x_can.o
                0x0800081c                CAN_Transmit
 .text.CAN_Receive
                0x080009ac      0x170 ..\obj\stm32f10x_can.o
                0x080009ac                CAN_Receive
 .text.CAN_GetReceiveErrorCounter
                0x08000b1c       0x24 ..\obj\stm32f10x_can.o
                0x08000b1c                CAN_GetReceiveErrorCounter
 .text.CAN_GetLSBTransmitErrorCounter
                0x08000b40       0x28 ..\obj\stm32f10x_can.o
                0x08000b40                CAN_GetLSBTransmitErrorCounter
 .text.CAN_ITConfig
                0x08000b68       0x3c ..\obj\stm32f10x_can.o
                0x08000b68                CAN_ITConfig
 .text.CAN_GetITStatus
                0x08000ba4      0x194 ..\obj\stm32f10x_can.o
                0x08000ba4                CAN_GetITStatus
 .text.CAN_ClearITPendingBit
                0x08000d38       0xe0 ..\obj\stm32f10x_can.o
                0x08000d38                CAN_ClearITPendingBit
 .text.CheckITStatus
                0x08000e18       0x30 ..\obj\stm32f10x_can.o
 .text.GPIO_Init
                0x08000e48      0x178 ..\obj\stm32f10x_gpio.o
                0x08000e48                GPIO_Init
 .text.GPIO_WriteBit
                0x08000fc0       0x30 ..\obj\stm32f10x_gpio.o
                0x08000fc0                GPIO_WriteBit
 .text.NVIC_SetPriority
                0x08000ff0       0x58 ..\obj\main.o
 .text.SysTick_Config
                0x08001048       0x54 ..\obj\main.o
 .text.init     0x0800109c       0x60 ..\obj\main.o
                0x0800109c                init
 .text.USB_HP_CAN1_TX_IRQHandler
                0x080010fc       0x54 ..\obj\main.o
                0x080010fc                USB_HP_CAN1_TX_IRQHandler
 .text.USB_LP_CAN1_RX0_IRQHandler
                0x08001150       0x30 ..\obj\main.o
                0x08001150                USB_LP_CAN1_RX0_IRQHandler
 .text.CAN1_SCE_IRQHandler
                0x08001180       0x18 ..\obj\main.o
                0x08001180                CAN1_SCE_IRQHandler
 .text.main     0x08001198      0x1a4 ..\obj\main.o
                0x08001198                main
 .text.PutChar  0x0800133c       0x20 ..\obj\printf.o
                0x0800133c                PutChar
 .text.PutString
                0x0800135c       0x3c ..\obj\printf.o
                0x0800135c                PutString
 .text.PutUnsignedInt
                0x08001398       0xa8 ..\obj\printf.o
                0x08001398                PutUnsignedInt
 .text.PutSignedInt
                0x08001440      0x10c ..\obj\printf.o
                0x08001440                PutSignedInt
 .text.PutHexa  0x0800154c       0xd4 ..\obj\printf.o
                0x0800154c                PutHexa
 .text.vsnprintf
                0x08001620      0x254 ..\obj\printf.o
                0x08001620                vsnprintf
 .text.vsprintf
                0x08001874       0x24 ..\obj\printf.o
                0x08001874                vsprintf
 .text.sprintf  0x08001898       0x2c ..\obj\printf.o
                0x08001898                sprintf
 .text.CAN_Configuration
                0x080018c4      0x490 ..\obj\can.o
                0x080018c4                CAN_Configuration
 .text.RCC_GetClocksFreq
                0x08001d54      0x1bc ..\obj\stm32f10x_rcc.o
                0x08001d54                RCC_GetClocksFreq
 .text.RCC_APB2PeriphClockCmd
                0x08001f10       0x50 ..\obj\stm32f10x_rcc.o
                0x08001f10                RCC_APB2PeriphClockCmd
 .text.RCC_APB1PeriphClockCmd
                0x08001f60       0x50 ..\obj\stm32f10x_rcc.o
                0x08001f60                RCC_APB1PeriphClockCmd
 .text.RCC_APB1PeriphResetCmd
                0x08001fb0       0x50 ..\obj\stm32f10x_rcc.o
                0x08001fb0                RCC_APB1PeriphResetCmd
 .text.USART_Init
                0x08002000      0x184 ..\obj\stm32f10x_usart.o
                0x08002000                USART_Init
 .text.USART_Cmd
                0x08002184       0x40 ..\obj\stm32f10x_usart.o
                0x08002184                USART_Cmd
 .text.USART_ITConfig
                0x080021c4       0x90 ..\obj\stm32f10x_usart.o
                0x080021c4                USART_ITConfig
 .text.USART_SendData
                0x08002254       0x24 ..\obj\stm32f10x_usart.o
                0x08002254                USART_SendData
 .text.USART_ReceiveData
                0x08002278       0x20 ..\obj\stm32f10x_usart.o
                0x08002278                USART_ReceiveData
 .text.USART_GetITStatus
                0x08002298       0xb0 ..\obj\stm32f10x_usart.o
                0x08002298                USART_GetITStatus
 .text.NMI_Handler
                0x08002348        0xc ..\obj\stm32f10x_it.o
                0x08002348                NMI_Handler
 .text.HardFault_Handler
                0x08002354        0x8 ..\obj\stm32f10x_it.o
                0x08002354                HardFault_Handler
 .text.MemManage_Handler
                0x0800235c        0x8 ..\obj\stm32f10x_it.o
                0x0800235c                MemManage_Handler
 .text.BusFault_Handler
                0x08002364        0x8 ..\obj\stm32f10x_it.o
                0x08002364                BusFault_Handler
 .text.UsageFault_Handler
                0x0800236c        0x8 ..\obj\stm32f10x_it.o
                0x0800236c                UsageFault_Handler
 .text.SVC_Handler
                0x08002374        0xc ..\obj\stm32f10x_it.o
                0x08002374                SVC_Handler
 .text.DebugMon_Handler
                0x08002380        0xc ..\obj\stm32f10x_it.o
                0x08002380                DebugMon_Handler
 .text.PendSV_Handler
                0x0800238c        0xc ..\obj\stm32f10x_it.o
                0x0800238c                PendSV_Handler
 .text.SysTick_Handler
                0x08002398       0x48 ..\obj\stm32f10x_it.o
                0x08002398                SysTick_Handler
 .text.TIM1_UP_IRQHandler
                0x080023e0       0x6c ..\obj\stm32f10x_it.o
                0x080023e0                TIM1_UP_IRQHandler
 .text.TIM2_IRQHandler
                0x0800244c       0x60 ..\obj\stm32f10x_it.o
                0x0800244c                TIM2_IRQHandler
 .text.TIM3_IRQHandler
                0x080024ac       0x6c ..\obj\stm32f10x_it.o
                0x080024ac                TIM3_IRQHandler
 .text.NVIC_Configuration
                0x08002518       0x4c ..\obj\nvic.o
                0x08002518                NVIC_Configuration
 .text.NVIC_PriorityGroupConfig
                0x08002564       0x28 ..\obj\misc.o
                0x08002564                NVIC_PriorityGroupConfig
 .text.NVIC_Init
                0x0800258c       0xd0 ..\obj\misc.o
                0x0800258c                NVIC_Init
 .text.USART2_Configuration
                0x0800265c       0xa4 ..\obj\usart.o
                0x0800265c                USART2_Configuration
 .text.transmit_uart2_c
                0x08002700       0x88 ..\obj\usart.o
                0x08002700                transmit_uart2_c
 .text.transmit_uart2_s
                0x08002788       0x88 ..\obj\usart.o
                0x08002788                transmit_uart2_s
 .text.USART2_IRQHandler
                0x08002810       0xc4 ..\obj\usart.o
                0x08002810                USART2_IRQHandler
 .text          0x080028d4       0xa0 c:/users/hikaru/mentorgraphics/sourcery_codebench_lite_for_arm_eabi/bin/../lib/gcc/arm-none-eabi/4.8.3/../../../../arm-none-eabi/lib/thumb2\libc.a(lib_a-memset.o)
                0x080028d4                memset
 *(.init)
 *(.fini)
 *crtbegin.o(.ctors)
 *crtbegin?.o(.ctors)
 *(EXCLUDE_FILE(*crtend.o *crtend?.o) .ctors)
 *(SORT(.ctors.*))
 *(.ctors)
 *crtbegin.o(.dtors)
 *crtbegin?.o(.dtors)
 *(EXCLUDE_FILE(*crtend.o *crtend?.o) .dtors)
 *(SORT(.dtors.*))
 *(.dtors)
 *(.rodata*)
 .rodata        0x08002974       0x54 ..\obj\main.o
 *(.eh_fram e*)

.glue_7         0x080029c8        0x0
 .glue_7        0x00000000        0x0 linker stubs

.glue_7t        0x080029c8        0x0
 .glue_7t       0x00000000        0x0 linker stubs

.vfp11_veneer   0x080029c8        0x0
 .vfp11_veneer  0x00000000        0x0 linker stubs

.v4_bx          0x080029c8        0x0
 .v4_bx         0x00000000        0x0 linker stubs

.iplt           0x080029c8        0x0
 .iplt          0x00000000        0x0 ..\obj\startup_stm32f10x_ld.o

.rel.dyn        0x080029c8        0x0
 .rel.iplt      0x00000000        0x0 ..\obj\startup_stm32f10x_ld.o

.ARM.extab
 *(.ARM.extab* .gnu.linkonce.armextab.*)
                0x080029c8                __exidx_start = .

.ARM.exidx
 *(.ARM.exidx* .gnu.linkonce.armexidx.*)
                0x080029c8                __exidx_end = .
                0x080029c8                __etext = .
                0x080029c8                _sidata = __etext

.data           0x20000000      0x458 load address 0x080029c8
                0x20000000                __data_start__ = .
                0x20000000                _sdata = __data_start__
 *(vtable)
 *(.data*)
 .data          0x20000000       0x14 ..\obj\system_stm32f10x.o
                0x20000000                SystemCoreClock
                0x20000004                AHBPrescTable
 .data          0x20000014      0x428 ..\obj\can.o
                0x20000014                CAN_fm
 .data          0x2000043c       0x14 ..\obj\stm32f10x_rcc.o
 .data          0x20000450        0x8 ..\obj\usart.o
                0x20000450                USART2_TxPtrEnd
                0x20000454                USART2_RxPtrEnd
                0x20000458                . = ALIGN (0x4)
                0x20000458                PROVIDE (__preinit_array_start, .)
 *(.preinit_array)
                0x20000458                PROVIDE (__preinit_array_end, .)
                0x20000458                . = ALIGN (0x4)
                0x20000458                PROVIDE (__init_array_start, .)
 *(SORT(.init_array.*))
 *(.init_array)
                0x20000458                PROVIDE (__init_array_end, .)
                0x20000458                . = ALIGN (0x4)
                0x20000458                PROVIDE (__fini_array_start, .)
 *(SORT(.fini_array.*))
 *(.fini_array)
                0x20000458                PROVIDE (__fini_array_end, .)
 *(.jcr*)
                0x20000458                . = ALIGN (0x4)
                0x20000458                __data_end__ = .
                0x20000458                _edata = __data_end__

.igot.plt       0x20000458        0x0 load address 0x08002e20
 .igot.plt      0x00000000        0x0 ..\obj\startup_stm32f10x_ld.o

.bss            0x20000458      0x370 load address 0x08002e20
                0x20000458                . = ALIGN (0x4)
                0x20000458                __bss_start__ = .
                0x20000458                _sbss = __bss_start__
 *(.bss*)
 .bss           0x20000458       0x20 ..\obj\stm32f10x_it.o
                0x20000458                ticker
                0x2000045c                downticker
                0x20000460                TIM1_over_flow
                0x20000464                TIM1_under_flow
                0x20000468                TIM2_over_flow
                0x2000046c                TIM2_under_flow
                0x20000470                TIM3_over_flow
                0x20000474                TIM3_under_flow
 .bss           0x20000478        0x8 ..\obj\usart.o
                0x20000478                USART2_TxPtrNow
                0x2000047c                USART2_RxPtrNow
 *(COMMON)
 COMMON         0x20000480      0x1b8 ..\obj\main.o
                0x20000480                can_rx_flame
                0x20000494                can_tx_list
                0x2000055c                can_rx_list
                0x20000624                can_tx_flame
 COMMON         0x20000638      0x190 ..\obj\usart.o
                0x20000638                USART2_TxBuffer
                0x20000700                USART2_RxBuffer
                0x200007c8                . = ALIGN (0x4)
                0x200007c8                __bss_end__ = .
                0x200007c8                _ebss = __bss_end__

.heap           0x200007c8        0x0
                0x200007c8                __end__ = .
                0x200007c8                _end = __end__
                0x200007c8                end = __end__
 *(.heap*)
                0x200007c8                __HeapLimit = .

.co_stack       0x200007c8      0x400 load address 0x08003190
                0x200007c8                . = ALIGN (0x8)
 *(.co_stack .co_stack.*)
 .co_stack      0x200007c8      0x400 ..\obj\startup_stm32f10x_ld.o
                0x200007c8                pulStack
                0x20001800                __StackTop = (ORIGIN (ram) + 0x1800)
                0x20001400                __StackLimit = (__StackTop - SIZEOF (.co_stack))
                0x20001800                PROVIDE (__stack, __StackTop)
                0x00000001                ASSERT ((__StackLimit >= __HeapLimit), region ram  overflowed with stack)
LOAD ..\obj\startup_stm32f10x_ld.o
LOAD ..\obj\stm32f10x_tim.o
LOAD ..\obj\system_stm32f10x.o
LOAD ..\obj\tim_encoder.o
LOAD ..\obj\stm32f10x_can.o
LOAD ..\obj\stm32f10x_gpio.o
LOAD ..\obj\main.o
LOAD ..\obj\printf.o
LOAD ..\obj\can.o
LOAD ..\obj\stm32f10x_rcc.o
LOAD ..\obj\stm32f10x_adc.o
LOAD ..\obj\stm32f10x_usart.o
LOAD ..\obj\syscalls.o
LOAD ..\obj\stm32f10x_it.o
LOAD ..\obj\adc.o
LOAD ..\obj\stm32f10x_dma.o
LOAD ..\obj\nvic.o
LOAD ..\obj\misc.o
LOAD ..\obj\usart.o
START GROUP
LOAD c:/users/hikaru/mentorgraphics/sourcery_codebench_lite_for_arm_eabi/bin/../lib/gcc/arm-none-eabi/4.8.3/thumb2\libgcc.a
LOAD c:/users/hikaru/mentorgraphics/sourcery_codebench_lite_for_arm_eabi/bin/../lib/gcc/arm-none-eabi/4.8.3/../../../../arm-none-eabi/lib/thumb2\libc.a
END GROUP
OUTPUT(STM32F103C4.elf elf32-littlearm)

.debug_info     0x00000000     0x7484
 .debug_info    0x00000000       0xe9 ..\obj\startup_stm32f10x_ld.o
 .debug_info    0x000000e9     0x1c2c ..\obj\stm32f10x_tim.o
 .debug_info    0x00001d15      0x44d ..\obj\system_stm32f10x.o
 .debug_info    0x00002162      0xb70 ..\obj\stm32f10x_can.o
 .debug_info    0x00002cd2      0x6bb ..\obj\stm32f10x_gpio.o
 .debug_info    0x0000338d      0xaf1 ..\obj\main.o
 .debug_info    0x00003e7e      0xdae ..\obj\printf.o
 .debug_info    0x00004c2c      0x65b ..\obj\can.o
 .debug_info    0x00005287      0x861 ..\obj\stm32f10x_rcc.o
 .debug_info    0x00005ae8      0x9bc ..\obj\stm32f10x_usart.o
 .debug_info    0x000064a4      0x43d ..\obj\stm32f10x_it.o
 .debug_info    0x000068e1      0x257 ..\obj\nvic.o
 .debug_info    0x00006b38      0x51c ..\obj\misc.o
 .debug_info    0x00007054      0x430 ..\obj\usart.o

.debug_abbrev   0x00000000     0x1469
 .debug_abbrev  0x00000000       0xa7 ..\obj\startup_stm32f10x_ld.o
 .debug_abbrev  0x000000a7      0x1b0 ..\obj\stm32f10x_tim.o
 .debug_abbrev  0x00000257      0x14c ..\obj\system_stm32f10x.o
 .debug_abbrev  0x000003a3      0x1f3 ..\obj\stm32f10x_can.o
 .debug_abbrev  0x00000596      0x1c8 ..\obj\stm32f10x_gpio.o
 .debug_abbrev  0x0000075e      0x218 ..\obj\main.o
 .debug_abbrev  0x00000976      0x248 ..\obj\printf.o
 .debug_abbrev  0x00000bbe      0x15b ..\obj\can.o
 .debug_abbrev  0x00000d19      0x1ba ..\obj\stm32f10x_rcc.o
 .debug_abbrev  0x00000ed3      0x162 ..\obj\stm32f10x_usart.o
 .debug_abbrev  0x00001035       0xe7 ..\obj\stm32f10x_it.o
 .debug_abbrev  0x0000111c       0xc6 ..\obj\nvic.o
 .debug_abbrev  0x000011e2      0x145 ..\obj\misc.o
 .debug_abbrev  0x00001327      0x142 ..\obj\usart.o

.debug_aranges  0x00000000      0x918
 .debug_aranges
                0x00000000       0x28 ..\obj\startup_stm32f10x_ld.o
 .debug_aranges
                0x00000028      0x2f0 ..\obj\stm32f10x_tim.o
 .debug_aranges
                0x00000318       0x38 ..\obj\system_stm32f10x.o
 .debug_aranges
                0x00000350       0xe0 ..\obj\stm32f10x_can.o
 .debug_aranges
                0x00000430       0xa8 ..\obj\stm32f10x_gpio.o
 .debug_aranges
                0x000004d8       0x58 ..\obj\main.o
 .debug_aranges
                0x00000530       0xa0 ..\obj\printf.o
 .debug_aranges
                0x000005d0       0x20 ..\obj\can.o
 .debug_aranges
                0x000005f0      0x118 ..\obj\stm32f10x_rcc.o
 .debug_aranges
                0x00000708      0x100 ..\obj\stm32f10x_usart.o
 .debug_aranges
                0x00000808       0x78 ..\obj\stm32f10x_it.o
 .debug_aranges
                0x00000880       0x20 ..\obj\nvic.o
 .debug_aranges
                0x000008a0       0x40 ..\obj\misc.o
 .debug_aranges
                0x000008e0       0x38 ..\obj\usart.o

.debug_ranges   0x00000000      0x838
 .debug_ranges  0x00000000       0x18 ..\obj\startup_stm32f10x_ld.o
 .debug_ranges  0x00000018      0x2e0 ..\obj\stm32f10x_tim.o
 .debug_ranges  0x000002f8       0x28 ..\obj\system_stm32f10x.o
 .debug_ranges  0x00000320       0xd0 ..\obj\stm32f10x_can.o
 .debug_ranges  0x000003f0       0x98 ..\obj\stm32f10x_gpio.o
 .debug_ranges  0x00000488       0x48 ..\obj\main.o
 .debug_ranges  0x000004d0       0x90 ..\obj\printf.o
 .debug_ranges  0x00000560       0x10 ..\obj\can.o
 .debug_ranges  0x00000570      0x108 ..\obj\stm32f10x_rcc.o
 .debug_ranges  0x00000678       0xf0 ..\obj\stm32f10x_usart.o
 .debug_ranges  0x00000768       0x68 ..\obj\stm32f10x_it.o
 .debug_ranges  0x000007d0       0x10 ..\obj\nvic.o
 .debug_ranges  0x000007e0       0x30 ..\obj\misc.o
 .debug_ranges  0x00000810       0x28 ..\obj\usart.o

.debug_line     0x00000000     0x2d33
 .debug_line    0x00000000       0xa3 ..\obj\startup_stm32f10x_ld.o
 .debug_line    0x000000a3      0xa1e ..\obj\stm32f10x_tim.o
 .debug_line    0x00000ac1      0x1b2 ..\obj\system_stm32f10x.o
 .debug_line    0x00000c73      0x509 ..\obj\stm32f10x_can.o
 .debug_line    0x0000117c      0x34b ..\obj\stm32f10x_gpio.o
 .debug_line    0x000014c7      0x286 ..\obj\main.o
 .debug_line    0x0000174d      0x3b8 ..\obj\printf.o
 .debug_line    0x00001b05      0x1f6 ..\obj\can.o
 .debug_line    0x00001cfb      0x459 ..\obj\stm32f10x_rcc.o
 .debug_line    0x00002154      0x437 ..\obj\stm32f10x_usart.o
 .debug_line    0x0000258b      0x223 ..\obj\stm32f10x_it.o
 .debug_line    0x000027ae      0x187 ..\obj\nvic.o
 .debug_line    0x00002935      0x1e1 ..\obj\misc.o
 .debug_line    0x00002b16      0x21d ..\obj\usart.o

.debug_str      0x00000000     0x2d5e
 .debug_str     0x00000000      0x10f ..\obj\startup_stm32f10x_ld.o
                                0x121 (size before relaxing)
 .debug_str     0x0000010f      0xc84 ..\obj\stm32f10x_tim.o
                                0xd95 (size before relaxing)
 .debug_str     0x00000d93      0x173 ..\obj\system_stm32f10x.o
                                0x2a7 (size before relaxing)
 .debug_str     0x00000f06      0x525 ..\obj\stm32f10x_can.o
                                0x6e6 (size before relaxing)
 .debug_str     0x0000142b      0x37f ..\obj\stm32f10x_gpio.o
                                0x4d1 (size before relaxing)
 .debug_str     0x000017aa      0x437 ..\obj\main.o
                                0x810 (size before relaxing)
 .debug_str     0x00001be1      0x4be ..\obj\printf.o
                                0x632 (size before relaxing)
 .debug_str     0x0000209f       0x96 ..\obj\can.o
                                0x566 (size before relaxing)
 .debug_str     0x00002135      0x3e9 ..\obj\stm32f10x_rcc.o
                                0x5d2 (size before relaxing)
 .debug_str     0x0000251e      0x430 ..\obj\stm32f10x_usart.o
                                0x648 (size before relaxing)
 .debug_str     0x0000294e      0x155 ..\obj\stm32f10x_it.o
                                0x3ce (size before relaxing)
 .debug_str     0x00002aa3       0xc4 ..\obj\nvic.o
                                0x4bc (size before relaxing)
 .debug_str     0x00002b67      0x10c ..\obj\misc.o
                                0x381 (size before relaxing)
 .debug_str     0x00002c73       0xeb ..\obj\usart.o
                                0x446 (size before relaxing)

.comment        0x00000000       0x46
 .comment       0x00000000       0x46 ..\obj\startup_stm32f10x_ld.o
                                 0x47 (size before relaxing)
 .comment       0x00000000       0x47 ..\obj\stm32f10x_tim.o
 .comment       0x00000000       0x47 ..\obj\system_stm32f10x.o
 .comment       0x00000000       0x47 ..\obj\stm32f10x_can.o
 .comment       0x00000000       0x47 ..\obj\stm32f10x_gpio.o
 .comment       0x00000000       0x47 ..\obj\main.o
 .comment       0x00000000       0x47 ..\obj\printf.o
 .comment       0x00000000       0x47 ..\obj\can.o
 .comment       0x00000000       0x47 ..\obj\stm32f10x_rcc.o
 .comment       0x00000000       0x47 ..\obj\stm32f10x_usart.o
 .comment       0x00000000       0x47 ..\obj\stm32f10x_it.o
 .comment       0x00000000       0x47 ..\obj\nvic.o
 .comment       0x00000000       0x47 ..\obj\misc.o
 .comment       0x00000000       0x47 ..\obj\usart.o

.ARM.attributes
                0x00000000       0x33
 .ARM.attributes
                0x00000000       0x33 ..\obj\startup_stm32f10x_ld.o
 .ARM.attributes
                0x00000033       0x33 ..\obj\stm32f10x_tim.o
 .ARM.attributes
                0x00000066       0x33 ..\obj\system_stm32f10x.o
 .ARM.attributes
                0x00000099       0x33 ..\obj\stm32f10x_can.o
 .ARM.attributes
                0x000000cc       0x33 ..\obj\stm32f10x_gpio.o
 .ARM.attributes
                0x000000ff       0x33 ..\obj\main.o
 .ARM.attributes
                0x00000132       0x33 ..\obj\printf.o
 .ARM.attributes
                0x00000165       0x33 ..\obj\can.o
 .ARM.attributes
                0x00000198       0x33 ..\obj\stm32f10x_rcc.o
 .ARM.attributes
                0x000001cb       0x33 ..\obj\stm32f10x_usart.o
 .ARM.attributes
                0x000001fe       0x33 ..\obj\stm32f10x_it.o
 .ARM.attributes
                0x00000231       0x33 ..\obj\nvic.o
 .ARM.attributes
                0x00000264       0x33 ..\obj\misc.o
 .ARM.attributes
                0x00000297       0x33 ..\obj\usart.o
 .ARM.attributes
                0x000002ca       0x29 c:/users/hikaru/mentorgraphics/sourcery_codebench_lite_for_arm_eabi/bin/../lib/gcc/arm-none-eabi/4.8.3/../../../../arm-none-eabi/lib/thumb2\libc.a(lib_a-memset.o)

.debug_frame    0x00000000     0x1cd4
 .debug_frame   0x00000000       0x48 ..\obj\startup_stm32f10x_ld.o
 .debug_frame   0x00000048      0xa20 ..\obj\stm32f10x_tim.o
 .debug_frame   0x00000a68       0x80 ..\obj\system_stm32f10x.o
 .debug_frame   0x00000ae8      0x2d4 ..\obj\stm32f10x_can.o
 .debug_frame   0x00000dbc      0x210 ..\obj\stm32f10x_gpio.o
 .debug_frame   0x00000fcc      0x104 ..\obj\main.o
 .debug_frame   0x000010d0      0x244 ..\obj\printf.o
 .debug_frame   0x00001314       0x30 ..\obj\can.o
 .debug_frame   0x00001344      0x388 ..\obj\stm32f10x_rcc.o
 .debug_frame   0x000016cc      0x344 ..\obj\stm32f10x_usart.o
 .debug_frame   0x00001a10      0x13c ..\obj\stm32f10x_it.o
 .debug_frame   0x00001b4c       0x30 ..\obj\nvic.o
 .debug_frame   0x00001b7c       0x9c ..\obj\misc.o
 .debug_frame   0x00001c18       0x90 ..\obj\usart.o
 .debug_frame   0x00001ca8       0x2c c:/users/hikaru/mentorgraphics/sourcery_codebench_lite_for_arm_eabi/bin/../lib/gcc/arm-none-eabi/4.8.3/../../../../arm-none-eabi/lib/thumb2\libc.a(lib_a-memset.o)
